******************************************************************************
                  TI ARM Linker Unix v5.2.4                    
******************************************************************************
>> Linked Sun Sep 27 03:21:33 2015

OUTPUT FILE NAME:   <googleStillSucks.out>
ENTRY POINT SYMBOL: "_c_int00"  address: 000054e5


MEMORY CONFIGURATION

         name            origin    length      used     unused   attr    fill
----------------------  --------  ---------  --------  --------  ----  --------
  MAIN                  00000000   00040000  0000a158  00035ea8  R  X
  INFO                  00200000   00004000  00000000  00004000  R  X
  SRAM_CODE             01000000   00010000  00000000  00010000  RW X
  SRAM_DATA             20000000   00010000  000044e9  0000bb17  RW  


SEGMENT ALLOCATION MAP

run origin  load origin   length   init length attrs members
----------  ----------- ---------- ----------- ----- -------
00000000    00000000    0000a160   0000a160    r-x
  00000000    00000000    0000003c   0000003c    r-- .resetVecs
  00000040    00000040    00007512   00007512    r-x .text
  00007554    00007554    000026ea   000026ea    r-- .const
  00009c40    00009c40    00000520   00000520    r-- .cinit
20000000    20000000    00000140   00000000    rw-
  20000000    20000000    00000140   00000000    rw- .vecs
20000180    20000180    000033a9   00000000    rw-
  20000180    20000180    00002c30   00000000    rw- .bss
  20002db0    20002db0    00000779   00000000    rw- .data
2000f000    2000f000    00001000   00000000    rw-
  2000f000    2000f000    00001000   00000000    rw- .stack


SECTION ALLOCATION MAP

 output                                  attributes/
section   page    origin      length       input sections
--------  ----  ----------  ----------   ----------------
.resetVecs 
*          0    00000000    0000003c     
                  00000000    0000003c     empty_pem4f.oem4f (.resetVecs)

.text      0    00000040    00007512     
                  00000040    00000430     sysbios.aem4f : BIOS.obj (.text:ti_sysbios_family_arm_m3_Hwi_excDumpRegs__I)
                  00000470    0000034c     ti.targets.arm.rtsarm.aem4f : System.oem4f (.text:xdc_runtime_System_doPrint__I)
                  000007bc    00000004     msp432p4xx_driverlib.lib : cpu.o (.text:CPU_wfi)
                  000007c0    00000314     sysbios.aem4f : BIOS.obj (.text:ti_sysbios_knl_Semaphore_pend__E)
                  00000ad4    000002d4     rtsv7M4_T_le_v4SPD16_eabi.lib : trgdrv.obj (.text)
                  00000da8    00000254     sysbios.aem4f : BIOS.obj (.text:ti_sysbios_heaps_HeapMem_free__E)
                  00000ffc    00000004     tirtosport.aem4f : HwiP_tirtos.oem4f (.text:HwiP_disable)
                  00001000    00000240     sysbios.aem4f : BIOS.obj (.text:ti_sysbios_heaps_HeapMem_alloc__E)
                  00001240    0000022c                   : BIOS.obj (.text:ti_sysbios_knl_Task_Instance_finalize__E)
                  0000146c    00000004     tirtosport.aem4f : ListP.oem4f (.text:ListP_head)
                  00001470    00000200     sysbios.aem4f : BIOS.obj (.text:ti_sysbios_knl_Task_sleep__E)
                  00001670    000001fc                   : BIOS.obj (.text:ti_sysbios_family_arm_m3_Hwi_excHandlerMax__I)
                  0000186c    00000004     tirtosport.aem4f : ListP.oem4f (.text:ListP_next)
                  00001870    000001c8     sysbios.aem4f : BIOS.obj (.text:ti_sysbios_knl_Task_Instance_init__E)
                  00001a38    00000182     msp432p4xx_driverlib.lib : pcm.o (.text:PCM_setPowerStateWithTimeout)
                  00001bba    00000006                              : pcm.o (.text:PCM_setPowerMode)
                  00001bc0    00000174     sysbios.aem4f : BIOS.obj (.text:ti_sysbios_family_arm_m3_Hwi_excBusFault__I)
                  00001d34    00000004     empty_pem4f.oem4f (.text:ti_sysbios_BIOS_RtsGateProxy_enter__E)
                  00001d38    00000164     sysbios.aem4f : BIOS.obj (.text:ti_sysbios_family_arm_m3_Hwi_excUsageFault__I)
                  00001e9c    00000004     empty_pem4f.oem4f (.text:ti_sysbios_BIOS_RtsGateProxy_leave__E)
                  00001ea0    00000148     sysbios.aem4f : BIOS.obj (.text:ti_sysbios_family_arm_m3_Hwi_excMemFault__I)
                  00001fe8    00000140                   : BIOS.obj (.text:ti_sysbios_knl_Semaphore_post__E)
                  00002128    0000013c     drivers_MSP432P401R.aem4f : GPIOMSP432.oem4f (.text:GPIO_setConfig)
                  00002264    00000004     empty_pem4f.oem4f (.text:ti_sysbios_family_arm_m3_TaskSupport_Module__startupDone__S)
                  00002268    0000013c     sysbios.aem4f : BIOS.obj (.text:ti_sysbios_heaps_HeapMem_Instance_init__E)
                  000023a4    00000004     empty_pem4f.oem4f (.text:ti_sysbios_heaps_HeapMem_Module_GateProxy_enter__E)
                  000023a8    00000138     sysbios.aem4f : BIOS.obj (.text:ti_sysbios_family_arm_m3_Hwi_dispatchC__I)
                  000024e0    00000138     empty_pem4f.oem4f (.text:ti_uia_loggers_LoggerStopMode_writeMemoryRange__E)
                  00002618    00000134     sysbios.aem4f : BIOS.obj (.text:ti_sysbios_knl_Clock_workFunc__E)
                  0000274c    00000120     empty.obj (.text:main)
                  0000286c    00000004     empty_pem4f.oem4f (.text:ti_sysbios_heaps_HeapMem_Module_GateProxy_leave__E)
                  00002870    0000011c     sysbios.aem4f : BIOS.obj (.text:ti_sysbios_knl_Clock_Instance_init__E)
                  0000298c    00000004     empty_pem4f.oem4f (.text:ti_sysbios_knl_Clock_TimerProxy_getMaxTicks__E)
                  00002990    0000011c     sysbios.aem4f : BIOS.obj (.text:ti_sysbios_knl_Swi_run__I)
                  00002aac    00000118     ti.targets.arm.rtsarm.aem4f : Error.oem4f (.text:xdc_runtime_Error_policyDefault__E)
                  00002bc4    0000010c     empty_pem4f.oem4f (.text:ti_uia_loggers_LoggerStopMode_write8__E)
                  00002cd0    00000100     ti.targets.arm.rtsarm.aem4f : Core-mem.oem4f (.text:xdc_runtime_Core_createObject__I)
                  00002dd0    000000f8                                 : Startup.oem4f (.text:xdc_runtime_Startup_startMods__I)
                  00002ec8    000000f8     empty_pem4f.oem4f (.text:xdc_runtime_System_printfExtend__I)
                  00002fc0    000000f4     empty.obj (.text:LCD_send)
                  000030b4    000000f4     sysbios.aem4f : m3_Hwi_asm.obj (.text:ti_sysbios_family_arm_m3_Hwi_dispatch__I)
                  000031a8    000000f4     empty_pem4f.oem4f (.text:ti_uia_loggers_LoggerStopMode_write4__E)
                  0000329c    000000f0     drivers_MSP432P401R.aem4f : PowerMSP432.oem4f (.text:initPerfControl)
                  0000338c    000000e8     empty_pem4f.oem4f (.text:ti_uia_loggers_LoggerStopMode_write2__E)
                  00003474    000000e4     empty_pem4f.oem4f (.text:ti_uia_loggers_LoggerStopMode_write1__E)
                  00003558    000000e0     msp432p4xx_driverlib.lib : cs.o (.text:CS_initClockSignal)
                  00003638    000000d8     empty_pem4f.oem4f (.text:ti_uia_loggers_LoggerStopMode_write0__E)
                  00003710    000000d4     msp432p4xx_driverlib.lib : pcm.o (.text:PCM_setPowerModeWithTimeout)
                  000037e4    00000004     empty_pem4f.oem4f (.text:ti_sysbios_knl_Queue_destruct)
                  000037e8    000000cc     sysbios.aem4f : BIOS.obj (.text:ti_sysbios_knl_Task_schedule__I)
                  000038b4    000000cc     ti.targets.arm.rtsarm.aem4f : Core-smem.oem4f (.text:xdc_runtime_Core_constructObject__I)
                  00003980    000000c0     drivers_MSP432P401R.aem4f : PowerMSP432.oem4f (.text:Power_sleep)
                  00003a40    000000bc     empty.obj (.text:heartBeatFxn)
                  00003afc    00000004     empty_pem4f.oem4f (.text:ti_sysbios_knl_Semaphore_destruct)
                  00003b00    000000bc     sysbios.aem4f : BIOS.obj (.text:ti_sysbios_family_arm_m3_Hwi_excDebugMon__I)
                  00003bbc    00000004     ti.uia.loggers.aem4f : LoggerStopMode.oem4f (.text:ti_uia_loggers_LoggerStopMode_getContents__E)
                  00003bc0    000000bc     sysbios.aem4f : BIOS.obj (.text:ti_sysbios_family_arm_m3_Hwi_excHardFault__I)
                  00003c7c    00000004     empty_pem4f.oem4f (.text:ti_uia_loggers_LoggerStopMode_getFilterLevel__E)
                  00003c80    000000bc     sysbios.aem4f : BIOS.obj (.text:ti_sysbios_knl_Task_startCore__E)
                  00003d3c    00000004     ti.uia.loggers.aem4f : LoggerStopMode.oem4f (.text:ti_uia_loggers_LoggerStopMode_getInstanceId__E)
                  00003d40    000000b4     sysbios.aem4f : BIOS.obj (.text:ti_sysbios_gates_GateMutex_enter__E)
                  00003df4    00000004     ti.uia.loggers.aem4f : LoggerStopMode.oem4f (.text:ti_uia_loggers_LoggerStopMode_getMaxLength__E)
                  00003df8    000000b4     sysbios.aem4f : BIOS.obj (.text:ti_sysbios_knl_Task_checkStacks__E)
                  00003eac    00000004     ti.uia.loggers.aem4f : LoggerStopMode.oem4f (.text:ti_uia_loggers_LoggerStopMode_getPriority__E)
                  00003eb0    000000b0     sysbios.aem4f : BIOS.obj (.text:ti_sysbios_utils_Load_idleFxn__E)
                  00003f60    000000ac                   : BIOS.obj (.text:ti_sysbios_knl_Swi_post__E)
                  0000400c    00000004     ti.uia.loggers.aem4f : LoggerStopMode.oem4f (.text:ti_uia_loggers_LoggerStopMode_getTransferType__E)
                  00004010    000000ac     sysbios.aem4f : BIOS.obj (.text:ti_sysbios_utils_Load_updateLoads__E)
                  000040bc    000000a8     msp432p4xx_driverlib.lib : pcm.o (.text:PCM_setCoreVoltageLevelWithTimeout)
                  00004164    00000004     ti.targets.arm.rtsarm.aem4f : Error.oem4f (.text:xdc_runtime_Error_getSite__E)
                  00004168    000000a8     sysbios.aem4f : BIOS.obj (.text:ti_sysbios_family_arm_msp432_Timer_periodicStub__E)
                  00004210    000000a8                   : BIOS.obj (.text:ti_sysbios_knl_Task_blockI__E)
                  000042b8    000000a8                   : BIOS.obj (.text:ti_sysbios_knl_Task_postInit__I)
                  00004360    000000a0     auto_init.aem4f : auto_init.oem4f (.text)
                  00004400    000000a0     ti.targets.arm.rtsarm.aem4f : Text.oem4f (.text:xdc_runtime_Text_putMod__E)
                  000044a0    0000009c     rtsv7M4_T_le_v4SPD16_eabi.lib : memcpy_t2.obj (.text)
                  0000453c    00000004     empty_pem4f.oem4f (.text:xdc_runtime_System_Module_GateProxy_enter__E)
                  00004540    0000009c     sysbios.aem4f : BIOS.obj (.text:ti_sysbios_knl_Semaphore_Instance_init__E)
                  000045dc    0000009a     ti.targets.arm.rtsarm.aem4f : Text.oem4f (.text:xdc_runtime_Text_putSite__E)
                  00004676    00000002     drivers_MSP432P401R.aem4f : PowerMSP432_tirtos.oem4f (.text:PowerMSP432_policyInitFxn)
                  00004678    00000094     sysbios.aem4f : BIOS.obj (.text:ti_sysbios_family_arm_m3_Hwi_Instance_init__E)
                  0000470c    00000004     empty_pem4f.oem4f (.text:xdc_runtime_System_Module_GateProxy_leave__E)
                  00004710    00000094     sysbios.aem4f : BIOS.obj (.text:ti_sysbios_family_arm_m3_Hwi_initNVIC__E)
                  000047a4    00000004     ti.targets.arm.rtsarm.aem4f : System.oem4f (.text:xdc_runtime_System_aprintf_va__F)
                  000047a8    00000094     sysbios.aem4f : BIOS.obj (.text:ti_sysbios_knl_Task_exit__E)
                  0000483c    00000004     ti.targets.arm.rtsarm.aem4f : System.oem4f (.text:xdc_runtime_System_printf_va__F)
                  00004840    00000090     sysbios.aem4f : BIOS.obj (.text:ti_sysbios_knl_Task_unblockI__E)
                  000048d0    00000090     ti.uia.loggers.aem4f : LoggerStopMode.oem4f (.text:ti_uia_loggers_LoggerStopMode_initQueueDescriptor__E)
                  00004960    0000008c     sysbios.aem4f : m3_TaskSupport_asm.obj (.text:ti_sysbios_family_arm_m3_TaskSupport_buildTaskStack)
                  000049ec    00000002     rtsv7M4_T_le_v4SPD16_eabi.lib : i_div0.obj (.text)
                  000049ee    00000002     empty_pem4f.oem4f (.text:ti_sysbios_BIOS_nullFunc__I)
                  000049f0    00000088     sysbios.aem4f : BIOS.obj (.text:ti_sysbios_family_arm_msp432_Timer_Module_startup__E)
                  00004a78    00000080                   : BIOS.obj (.text:ti_sysbios_family_arm_msp432_Timer_startup__E)
                  00004af8    0000007c     msp432p4xx_driverlib.lib : pcm.o (.text:PCM_gotoLPM3)
                  00004b74    00000002     empty_pem4f.oem4f (.text:ti_uia_loggers_LoggerStopMode_setFilterLevel__E)
                  00004b76    00000002     ti.uia.loggers.aem4f : LoggerStopMode.oem4f (.text:ti_uia_loggers_LoggerStopMode_setPriority__E)
                  00004b78    0000007c     sysbios.aem4f : BIOS.obj (.text:ti_sysbios_utils_Load_logLoads__I)
                  00004bf4    0000007a     rtsv7M4_T_le_v4SPD16_eabi.lib : memset_t2.obj (.text)
                  00004c6e    00000002     --HOLE-- [fill = 0]
                  00004c70    00000074     sysbios.aem4f : BIOS.obj (.text:ti_sysbios_family_arm_m3_Hwi_postInit__I)
                  00004ce4    00000004     --HOLE-- [fill = 0]
                  00004ce8    00000074                   : BIOS.obj (.text:ti_sysbios_knl_Clock_start__E)
                  00004d5c    00000074     ti.uia.runtime.aem4f : QueueDescriptor.oem4f (.text:ti_uia_runtime_QueueDescriptor_addToList__E)
                  00004dd0    0000006c     sysbios.aem4f : BIOS.obj (.text:ti_sysbios_utils_Load_updateThreadContexts__E)
                  00004e3c    0000006c     ti.targets.arm.rtsarm.aem4f : Error.oem4f (.text:xdc_runtime_Error_print__E)
                  00004ea8    0000006c                                 : Memory.oem4f (.text:xdc_runtime_Memory_alloc__E)
                  00004f14    0000006a     rtsv7M4_T_le_v4SPD16_eabi.lib : copy_decompress_rle.obj (.text)
                  00004f7e    00000002     --HOLE-- [fill = 0]
                  00004f80    00000068     drivers_MSP432P401R.aem4f : GPIOMSP432.oem4f (.text:GPIO_init)
                  00004fe8    00000068     rtsv7M4_T_le_v4SPD16_eabi.lib : trgmsg.obj (.text)
                  00005050    00000066     ti.uia.loggers.aem4f : LoggerStopMode.oem4f (.text:ti_uia_loggers_LoggerStopMode_flush__E)
                  000050b6    00000066     ti.targets.arm.rtsarm.aem4f : Core-mem.oem4f (.text:xdc_runtime_Core_deleteObject__I)
                  0000511c    00000004     --HOLE-- [fill = 0]
                  00005120    00000064     sysbios.aem4f : BIOS.obj (.text:ti_sysbios_family_arm_m3_TimestampProvider_get64__E)
                  00005184    00000064     ti.targets.arm.rtsarm.aem4f : System.oem4f (.text:xdc_runtime_System_formatNum__I)
                  000051e8    00000062     tirtosport.aem4f : HwiP_tirtos.oem4f (.text:HwiP_create)
                  0000524a    00000006     msp432p4xx_driverlib.lib : pcm.o (.text:PCM_setPowerState)
                  00005250    00000060     sysbios.aem4f : BIOS.obj (.text:ti_sysbios_knl_Clock_logTick__E)
                  000052b0    00000060                   : BIOS.obj (.text:ti_sysbios_utils_Load_logCPULoad__I)
                  00005310    0000005c                   : BIOS.obj (.text:ti_sysbios_knl_Swi_restoreHwi__E)
                  0000536c    00000004     --HOLE-- [fill = 0]
                  00005370    0000005c                   : BIOS.obj (.text:ti_sysbios_knl_Swi_schedule__I)
                  000053cc    00000004     --HOLE-- [fill = 0]
                  000053d0    0000005c                   : BIOS.obj (.text:ti_sysbios_knl_Task_Module_startup__E)
                  0000542c    0000005c     empty_pem4f.oem4f (.text:ti_sysbios_knl_Task_create)
                  00005488    0000005b     ti.targets.arm.rtsarm.aem4f : Text.oem4f (.text:xdc_runtime_Text_putLab__E)
                  000054e3    00000001     --HOLE-- [fill = 0]
                  000054e4    00000058     boot.aem4f : boot.oem4f (.text)
                  0000553c    00000058     empty_pem4f.oem4f (.text:ti_sysbios_family_arm_m3_Hwi_construct)
                  00005594    00000058     sysbios.aem4f : m3_Hwi_asm_switch.obj (.text:ti_sysbios_family_arm_m3_Hwi_initStacks__E)
                  000055ec    00000004     --HOLE-- [fill = 0]
                  000055f0    00000058                   : BIOS.obj (.text:ti_sysbios_family_arm_m3_Timer_setPeriod__E)
                  00005648    00000054     drivers_MSP432P401R.aem4f : GPIOMSP432.oem4f (.text:GPIO_hwiIntFxn)
                  0000569c    00000054                               : GPIOMSP432.oem4f (.text:GPIO_setCallback)
                  000056f0    00000054     sysbios.aem4f : BIOS.obj (.text:ti_sysbios_family_arm_m3_Timer_start__E)
                  00005744    00000004     --HOLE-- [fill = 0]
                  00005748    00000054                   : BIOS.obj (.text:ti_sysbios_family_arm_m3_TimestampProvider_get32__E)
                  0000579c    00000004     --HOLE-- [fill = 0]
                  000057a0    00000054                   : BIOS.obj (.text:ti_sysbios_family_arm_msp432_Timer_initDevice__I)
                  000057f4    00000004     --HOLE-- [fill = 0]
                  000057f8    00000054                   : BIOS.obj (.text:ti_sysbios_family_arm_msp432_init_Boot_configureClocksHigh)
                  0000584c    00000004     --HOLE-- [fill = 0]
                  00005850    00000054                   : BIOS.obj (.text:ti_sysbios_utils_Load_updateCurrentThreadTime__E)
                  000058a4    00000054     ti.targets.arm.rtsarm.aem4f : Assert.oem4f (.text:xdc_runtime_Assert_raise__I)
                  000058f8    00000050     drivers_MSP432P401R.aem4f : GPIOMSP432.oem4f (.text:GPIO_write)
                  00005948    00000050     msp432p4xx_driverlib.lib : pcm.o (.text:PCM_shutdownDevice)
                  00005998    00000050     drivers_MSP432P401R.aem4f : PowerMSP432_tirtos.oem4f (.text:PowerMSP432_policyFxn)
                  000059e8    00000050     sysbios.aem4f : BIOS.obj (.text:ti_sysbios_family_arm_m3_Hwi_Module_startup__E)
                  00005a38    00000050     ti.targets.arm.rtsarm.aem4f : Startup.oem4f (.text:xdc_runtime_Startup_exec__E)
                  00005a88    00000050                                 : Text.oem4f (.text:xdc_runtime_Text_visitRope2__I)
                  00005ad8    0000004c     rtsv7M4_T_le_v4SPD16_eabi.lib : cpy_tbl.obj (.text)
                  00005b24    00000004     --HOLE-- [fill = 0]
                  00005b28    0000004c     sysbios.aem4f : BIOS.obj (.text:ti_sysbios_heaps_HeapMem_getStats__E)
                  00005b74    00000004     --HOLE-- [fill = 0]
                  00005b78    0000004c                   : BIOS.obj (.text:ti_sysbios_knl_Swi_runLoop__I)
                  00005bc4    00000004     --HOLE-- [fill = 0]
                  00005bc8    0000004c                   : BIOS.obj (.text:ti_sysbios_knl_Task_allBlockedFunction__I)
                  00005c14    0000004c     ti.uia.loggers.aem4f : LoggerStopMode.oem4f (.text:ti_uia_loggers_LoggerStopMode_Module_startup__E)
                  00005c60    00000048     sysbios.aem4f : BIOS.obj (.text:ti_sysbios_family_arm_m3_Hwi_disableInterrupt__E)
                  00005ca8    00000048                   : BIOS.obj (.text:ti_sysbios_family_arm_m3_Hwi_enableInterrupt__E)
                  00005cf0    00000048                   : BIOS.obj (.text:ti_sysbios_family_arm_m3_Hwi_excReserved__I)
                  00005d38    00000048                   : BIOS.obj (.text:ti_sysbios_family_arm_m3_Timer_initDevice__I)
                  00005d80    00000046     ti.targets.arm.rtsarm.aem4f : Core-params.oem4f (.text:xdc_runtime_Core_assignParams__I)
                  00005dc6    00000044     empty.obj (.text:LCD_init)
                  00005e0a    00000002     --HOLE-- [fill = 0]
                  00005e0c    00000044     rtsv7M4_T_le_v4SPD16_eabi.lib : exit.obj (.text)
                  00005e50    00000044     sysbios.aem4f : BIOS.obj (.text:ti_sysbios_family_arm_m3_Hwi_getStackInfo__E)
                  00005e94    00000044     ti.uia.loggers.aem4f : LoggerStopMode.oem4f (.text:ti_uia_loggers_LoggerStopMode_initBuffer__I)
                  00005ed8    00000044     ti.targets.arm.rtsarm.aem4f : Error.oem4f (.text:xdc_runtime_Error_setX__E)
                  00005f1c    00000044                                 : SysMin.oem4f (.text:xdc_runtime_SysMin_flush__E)
                  00005f60    00000044                                 : Text.oem4f (.text:xdc_runtime_Text_xprintf__I)
                  00005fa4    00000040     msp432p4xx_driverlib.lib : flash.o (.text:FlashCtl_disableReadBuffering)
                  00005fe4    00000040     drivers_MSP432P401R.aem4f : PowerMSP432.oem4f (.text:notify)
                  00006024    00000040     rtsv7M4_T_le_v4SPD16_eabi.lib : u_divt2.obj (.text)
                  00006064    00000004     --HOLE-- [fill = 0]
                  00006068    00000040     sysbios.aem4f : BIOS.obj (.text:ti_sysbios_family_arm_m3_Timer_Module_startup__E)
                  000060a8    0000003c                   : BIOS.obj (.text:ti_sysbios_family_arm_m3_Hwi_excSvCall__I)
                  000060e4    00000004     --HOLE-- [fill = 0]
                  000060e8    0000003c                   : BIOS.obj (.text:ti_sysbios_family_arm_m3_TaskSupport_start__E)
                  00006124    00000004     --HOLE-- [fill = 0]
                  00006128    0000003c                   : BIOS.obj (.text:ti_sysbios_heaps_HeapMem_init__I)
                  00006164    00000004     --HOLE-- [fill = 0]
                  00006168    0000003c                   : BIOS.obj (.text:ti_sysbios_knl_Swi_restore__E)
                  000061a4    00000004     --HOLE-- [fill = 0]
                  000061a8    00000038                   : BIOS.obj (.text:ti_sysbios_family_arm_m3_Hwi_excNoIsr__I)
                  000061e0    00000038     empty_pem4f.oem4f (.text:ti_sysbios_knl_Clock_create)
                  00006218    00000038     sysbios.aem4f : BIOS.obj (.text:ti_sysbios_knl_Task_processVitalTaskFlag__I)
                  00006250    00000038     ti.targets.arm.rtsarm.aem4f : SysMin.oem4f (.text:xdc_runtime_SysMin_putch__E)
                  00006288    00000038                                 : System.oem4f (.text:xdc_runtime_System_atexit__E)
                  000062c0    00000034     msp432p4xx_driverlib.lib : flash.o (.text:FlashCtl_enableReadBuffering)
                  000062f4    00000004     --HOLE-- [fill = 0]
                  000062f8    00000034     sysbios.aem4f : BIOS.obj (.text:ti_sysbios_family_arm_m3_Hwi_excNmi__I)
                  0000632c    00000004     --HOLE-- [fill = 0]
                  00006330    00000034                   : BIOS.obj (.text:ti_sysbios_family_arm_m3_Timer_periodicStub__I)
                  00006364    00000004     --HOLE-- [fill = 0]
                  00006368    00000034                   : BIOS.obj (.text:ti_sysbios_hal_Hwi_checkStack)
                  0000639c    00000034     ti.uia.loggers.aem4f : LoggerStopMode.oem4f (.text:ti_uia_loggers_LoggerStopMode_reset__E)
                  000063d0    00000034     ti.targets.arm.rtsarm.aem4f : Core-label.oem4f (.text:xdc_runtime_Core_assignLabel__I)
                  00006404    00000033                                 : Text.oem4f (.text:xdc_runtime_Text_printVisFxn__I)
                  00006437    00000001     --HOLE-- [fill = 0]
                  00006438    00000032     empty.obj (.text:send_line)
                  0000646a    00000006     ti.targets.arm.rtsarm.aem4f : xdc_noinit.oem4f (.text:__xdc__init)
                  00006470    00000032     sysbios.aem4f : BIOS.obj (.text:ti_sysbios_hal_Hwi_initStack)
                  000064a2    00000006     rtsv7M4_T_le_v4SPD16_eabi.lib : copy_decompress_rle.obj (.text:decompress:rle24)
                  000064a8    00000032     sysbios.aem4f : BIOS.obj (.text:ti_sysbios_knl_Semaphore_pendTimeout__I)
                  000064da    00000002     --HOLE-- [fill = 0]
                  000064dc    00000030     msp432p4xx_driverlib.lib : gpio.o (.text:GPIO_getEnabledInterruptStatus)
                  0000650c    00000030                              : gpio.o (.text:GPIO_setAsInputPinWithPullDownResistor)
                  0000653c    00000030                              : gpio.o (.text:GPIO_setAsInputPinWithPullUpResistor)
                  0000656c    00000030     drivers_MSP432P401R.aem4f : GPIOMSP432.oem4f (.text:GPIO_toggle)
                  0000659c    00000030                               : PowerMSP432.oem4f (.text:Power_init)
                  000065cc    00000030     empty_pem4f.oem4f (.text:ti_sysbios_BIOS_atExitFunc__I)
                  000065fc    00000030     empty_pem4f.oem4f (.text:ti_sysbios_gates_GateHwi_Object__create__S)
                  0000662c    00000030     empty_pem4f.oem4f (.text:ti_sysbios_gates_GateMutex_Object__create__S)
                  0000665c    00000030     empty_pem4f.oem4f (.text:ti_sysbios_heaps_HeapMem_Object__create__S)
                  0000668c    00000030     empty_pem4f.oem4f (.text:ti_sysbios_knl_Semaphore_construct)
                  000066bc    00000030     empty_pem4f.oem4f (.text:ti_uia_loggers_LoggerStopMode_Object__create__S)
                  000066ec    00000030     ti.targets.arm.rtsarm.aem4f : SysMin.oem4f (.text:xdc_runtime_SysMin_abort__E)
                  0000671c    00000030                                 : System.oem4f (.text:xdc_runtime_System_processAtExit__E)
                  0000674c    0000002c     msp432p4xx_driverlib.lib : gpio.o (.text:GPIO_setAsInputPin)
                  00006778    0000002c     empty.obj (.text:LCD_print)
                  000067a4    0000002c     msp432p4xx_driverlib.lib : pcm.o (.text:PCM_getCoreVoltageLevel)
                  000067d0    0000002c     drivers_MSP432P401R.aem4f : PowerMSP432_tirtos.oem4f (.text:PowerMSP432_updateFreqs)
                  000067fc    00000004     --HOLE-- [fill = 0]
                  00006800    0000002c     sysbios.aem4f : BIOS.obj (.text:ti_sysbios_family_arm_m3_Hwi_Instance_finalize__E)
                  0000682c    0000002c     empty_pem4f.oem4f (.text:ti_sysbios_knl_Clock_doTick__I)
                  00006858    0000002c     empty_pem4f.oem4f (.text:ti_sysbios_knl_Queue_construct)
                  00006884    00000004     --HOLE-- [fill = 0]
                  00006888    0000002c     sysbios.aem4f : BIOS.obj (.text:ti_sysbios_knl_Task_restore__E)
                  000068b4    0000002c     ti.targets.arm.rtsarm.aem4f : Text.oem4f (.text:xdc_runtime_Text_cordText__E)
                  000068e0    0000002a     msp432p4xx_driverlib.lib : pcm.o (.text:PCM_getPowerMode)
                  0000690a    0000002a     ti.targets.arm.rtsarm.aem4f : System.oem4f (.text:xdc_runtime_System_putchar__I)
                  00006934    00000028     msp432p4xx_driverlib.lib : flash.o (.text:FlashCtl_setWaitState)
                  0000695c    00000028                              : pcm.o (.text:PCM_gotoLPM0)
                  00006984    00000028     empty_pem4f.oem4f (.text:ti_sysbios_BIOS_startFunc__I)
                  000069ac    00000004     --HOLE-- [fill = 0]
                  000069b0    00000028     sysbios.aem4f : BIOS.obj (.text:ti_sysbios_knl_Swi_Module_startup__E)
                  000069d8    00000026                   : m3_Hwi_asm.obj (.text:ti_sysbios_family_arm_m3_Hwi_pendSV__I)
                  000069fe    00000026     ti.targets.arm.rtsarm.aem4f : System.oem4f (.text:xdc_runtime_System_avprintf__E)
                  00006a24    00000024     msp432p4xx_driverlib.lib : cs.o (.text:CS_setDCOCenteredFrequency)
                  00006a48    00000024                              : gpio.o (.text:GPIO_setAsOutputPin)
                  00006a6c    00000024                              : rtc_c.o (.text:RTC_C_holdClock)
                  00006a90    00000024     empty_pem4f.oem4f (.text:ti_sysbios_BIOS_errorRaiseHook__I)
                  00006ab4    00000024     empty_pem4f.oem4f (.text:ti_sysbios_BIOS_registerRTSLock__I)
                  00006ad8    00000024     empty_pem4f.oem4f (.text:ti_sysbios_BIOS_removeRTSLock__I)
                  00006afc    00000004     --HOLE-- [fill = 0]
                  00006b00    00000024     sysbios.aem4f : BIOS.obj (.text:ti_sysbios_family_arm_m3_Hwi_doTaskRestore__I)
                  00006b24    00000004     --HOLE-- [fill = 0]
                  00006b28    00000024                   : BIOS.obj (.text:ti_sysbios_family_arm_m3_Timer_startup__E)
                  00006b4c    00000004     --HOLE-- [fill = 0]
                  00006b50    00000024                   : BIOS.obj (.text:ti_sysbios_family_arm_msp432_ClockFreqs_setFrequency__E)
                  00006b74    00000024     empty_pem4f.oem4f (.text:ti_sysbios_gates_GateMutex_Object__delete__S)
                  00006b98    00000024     sysbios.aem4f : BIOS.obj (.text:ti_sysbios_knl_Clock_Module_startup__E)
                  00006bbc    00000024     ti.targets.arm.rtsarm.aem4f : System.oem4f (.text:xdc_runtime_System_vprintf__E)
                  00006be0    00000022     empty_pem4f.oem4f (.text:xdc_runtime_SysMin_output__I)
                  00006c02    00000002     --HOLE-- [fill = 0]
                  00006c04    00000020     msp432p4xx_driverlib.lib : gpio.o (.text:GPIO_interruptEdgeSelect)
                  00006c24    00000020     drivers_MSP432P401R.aem4f : PowerMSP432.oem4f (.text:Power_idleFunc)
                  00006c44    00000020     empty_pem4f.oem4f (.text:ti_sysbios_BIOS_rtsLock__I)
                  00006c64    00000020     sysbios.aem4f : m3_Hwi_asm.obj (.text:ti_sysbios_family_arm_m3_Hwi_excHandlerAsm__I)
                  00006c84    00000004     --HOLE-- [fill = 0]
                  00006c88    00000020                   : BIOS.obj (.text:ti_sysbios_family_arm_m3_Hwi_excHandler__I)
                  00006ca8    00000020                   : BIOS.obj (.text:ti_sysbios_family_arm_m3_TimestampProvider_Module_startup__E)
                  00006cc8    00000020     empty_pem4f.oem4f (.text:ti_sysbios_gates_GateHwi_Object__delete__S)
                  00006ce8    00000020     empty_pem4f.oem4f (.text:ti_sysbios_heaps_HeapMem_Object__delete__S)
                  00006d08    00000020     sysbios.aem4f : BIOS.obj (.text:ti_sysbios_knl_Idle_run__E)
                  00006d28    00000020     empty_pem4f.oem4f (.text:ti_sysbios_knl_Semaphore_Object__destruct__S)
                  00006d48    00000020     empty_pem4f.oem4f (.text:ti_uia_loggers_LoggerStopMode_Object__delete__S)
                  00006d68    00000020     ti.targets.arm.rtsarm.aem4f : Registry.oem4f (.text:xdc_runtime_Registry_findById__E)
                  00006d88    00000020                                 : SysMin.oem4f (.text:xdc_runtime_SysMin_Module_startup__E)
                  00006da8    0000001e     sysbios.aem4f : m3_Hwi_asm_switch.obj (.text:ti_sysbios_family_xxx_Hwi_switchAndRunFunc)
                  00006dc6    00000002     --HOLE-- [fill = 0]
                  00006dc8    0000001c                   : BIOS.obj (.text:ti_sysbios_gates_GateMutex_Instance_init__E)
                  00006de4    0000001c     empty_pem4f.oem4f (.text:ti_sysbios_knl_Queue_Object__destruct__S)
                  00006e00    0000001c     sysbios.aem4f : BIOS.obj (.text:ti_sysbios_knl_Task_enter__I)
                  00006e1c    0000001c     ti.uia.loggers.aem4f : LoggerStopMode.oem4f (.text:ti_uia_loggers_LoggerStopMode_Instance_init__E)
                  00006e38    0000001c     ti.targets.arm.rtsarm.aem4f : Error.oem4f (.text:xdc_runtime_Error_raiseX__E)
                  00006e54    0000001c                                 : Memory.oem4f (.text:xdc_runtime_Memory_valloc__E)
                  00006e70    0000001c                                 : SysMin.oem4f (.text:xdc_runtime_SysMin_exit__E)
                  00006e8c    0000001c                                 : System.oem4f (.text:xdc_runtime_System_abort__E)
                  00006ea8    0000001a     empty_pem4f.oem4f (.text:ti_sysbios_family_arm_m3_Hwi_Handle__label__S)
                  00006ec2    0000001a     empty_pem4f.oem4f (.text:ti_sysbios_gates_GateHwi_Handle__label__S)
                  00006edc    0000001a     empty_pem4f.oem4f (.text:ti_sysbios_gates_GateMutex_Handle__label__S)
                  00006ef6    0000001a     empty_pem4f.oem4f (.text:ti_sysbios_heaps_HeapMem_Handle__label__S)
                  00006f10    0000001a     empty_pem4f.oem4f (.text:ti_sysbios_knl_Swi_Handle__label__S)
                  00006f2a    0000001a     empty_pem4f.oem4f (.text:ti_sysbios_knl_Task_Handle__label__S)
                  00006f44    00000004     --HOLE-- [fill = 0]
                  00006f48    0000001a     sysbios.aem4f : BIOS.obj (.text:ti_sysbios_knl_Task_sleepTimeout__I)
                  00006f62    0000001a     empty_pem4f.oem4f (.text:ti_uia_loggers_LoggerStopMode_Handle__label__S)
                  00006f7c    0000001a     empty_pem4f.oem4f (.text:xdc_runtime_System_aprintf__E)
                  00006f96    0000001a     empty_pem4f.oem4f (.text:xdc_runtime_System_printf__E)
                  00006fb0    00000018     msp432p4xx_driverlib.lib : gpio.o (.text:GPIO_clearInterruptFlag)
                  00006fc8    00000018                              : gpio.o (.text:GPIO_setDriveStrengthLow)
                  00006fe0    00000018                              : gpio.o (.text:GPIO_setOutputLowOnPin)
                  00006ff8    00000018                              : wdt_a.o (.text:WDT_A_holdTimer)
                  00007010    00000018     rtsv7M4_T_le_v4SPD16_eabi.lib : args_main.obj (.text)
                  00007028    00000018     empty_pem4f.oem4f (.text:ti_sysbios_BIOS_rtsUnlock__I)
                  00007040    00000018     empty_pem4f.oem4f (.text:ti_sysbios_family_arm_m3_Hwi_Module__startupDone__F)
                  00007058    00000018     sysbios.aem4f : m3_TaskSupport_asm.obj (.text:ti_sysbios_family_arm_m3_TaskSupport_swap__E)
                  00007070    00000018     empty_pem4f.oem4f (.text:ti_sysbios_family_arm_msp432_Timer_Module__startupDone__F)
                  00007088    00000018     sysbios.aem4f : BIOS.obj (.text:ti_sysbios_gates_GateMutex_leave__E)
                  000070a0    00000018     ti.targets.arm.rtsarm.aem4f : Error.oem4f (.text:xdc_runtime_Error_check__E)
                  000070b8    00000018                                 : System.oem4f (.text:xdc_runtime_System_exit__E)
                  000070d0    00000018                                 : Text.oem4f (.text:xdc_runtime_Text_ropeText__E)
                  000070e8    00000016     empty_pem4f.oem4f (.text:ti_sysbios_BIOS_exitFunc__I)
                  000070fe    00000016     empty.obj (.text:ti_sysbios_knl_Clock_Params_init)
                  00007114    00000016     empty.obj (.text:ti_sysbios_knl_Task_Params_init)
                  0000712a    00000016     ti.uia.loggers.aem4f : LoggerStopMode.oem4f (.text:ti_uia_loggers_LoggerStopMode_disable__E)
                  00007140    00000016                          : LoggerStopMode.oem4f (.text:ti_uia_loggers_LoggerStopMode_enable__E)
                  00007156    00000002     --HOLE-- [fill = 0]
                  00007158    00000014     msp432p4xx_driverlib.lib : gpio.o (.text:GPIO_setDriveStrengthHigh)
                  0000716c    00000014                              : gpio.o (.text:GPIO_setOutputHighOnPin)
                  00007180    00000014                              : gpio.o (.text:GPIO_toggleOutputOnPin)
                  00007194    00000014     rtsv7M4_T_le_v4SPD16_eabi.lib : _lock.obj (.text)
                  000071a8    00000014                                   : strcpy.obj (.text)
                  000071bc    00000014                                   : strlen.obj (.text)
                  000071d0    00000014     empty_pem4f.oem4f (.text:ti_sysbios_family_arm_m3_Hwi_Object__get__S)
                  000071e4    00000004     --HOLE-- [fill = 0]
                  000071e8    00000014     sysbios.aem4f : BIOS.obj (.text:ti_sysbios_family_arm_m3_Hwi_switchFromBootStack__E)
                  000071fc    00000014     empty_pem4f.oem4f (.text:ti_sysbios_heaps_HeapMem_Object__get__S)
                  00007210    00000014     empty_pem4f.oem4f (.text:ti_sysbios_knl_Swi_Object__get__S)
                  00007224    00000004     --HOLE-- [fill = 0]
                  00007228    00000012     sysbios.aem4f : BIOS.obj (.text:ti_sysbios_hal_Hwi_Module_startup__E)
                  0000723a    00000012     empty_pem4f.oem4f (.text:xdc_runtime_Startup_exec__I)
                  0000724c    00000010     msp432p4xx_driverlib.lib : gpio.o (.text:GPIO_getInterruptStatus)
                  0000725c    00000010                              : pcm.o (.text:PCM_getPowerState)
                  0000726c    00000004     --HOLE-- [fill = 0]
                  00007270    00000010     sysbios.aem4f : BIOS.obj (.text:ti_sysbios_BIOS_getCpuFreq__E)
                  00007280    00000010                   : BIOS.obj (.text:ti_sysbios_BIOS_setCpuFreq__E)
                  00007290    00000010                   : BIOS.obj (.text:ti_sysbios_BIOS_setThreadType__E)
                  000072a0    00000010                   : BIOS.obj (.text:ti_sysbios_BIOS_start__E)
                  000072b0    00000010                   : m3_TaskSupport_asm.obj (.text:ti_sysbios_family_arm_m3_TaskSupport_glue)
                  000072c0    00000010                   : BIOS.obj (.text:ti_sysbios_family_arm_msp432_init_Boot_disableWatchdog)
                  000072d0    00000010                   : BIOS.obj (.text:ti_sysbios_gates_GateMutex_Instance_finalize__E)
                  000072e0    00000010                   : BIOS.obj (.text:ti_sysbios_knl_Semaphore_Instance_finalize__E)
                  000072f0    00000010                   : BIOS.obj (.text:ti_sysbios_knl_Swi_disable__E)
                  00007300    00000010     empty_pem4f.oem4f (.text:ti_sysbios_knl_Task_Object__get__S)
                  00007310    00000010     sysbios.aem4f : BIOS.obj (.text:ti_sysbios_knl_Task_disable__E)
                  00007320    00000010     empty_pem4f.oem4f (.text:ti_uia_loggers_LoggerStopMode_Object__get__S)
                  00007330    00000010     ti.uia.loggers.aem4f : LoggerStopMode.oem4f (.text:ti_uia_loggers_LoggerStopMode_isEmpty__E)
                  00007340    00000010     ti.targets.arm.rtsarm.aem4f : Gate.oem4f (.text:xdc_runtime_Gate_leaveSystem__E)
                  00007350    00000010                                 : Memory.oem4f (.text:xdc_runtime_Memory_free__E)
                  00007360    00000010                                 : SysMin.oem4f (.text:xdc_runtime_SysMin_ready__E)
                  00007370    00000010                                 : System.oem4f (.text:xdc_runtime_System_vsnprintf__E)
                  00007380    00000010     empty_pem4f.oem4f (.text:xdc_runtime_Text_visitRope__I)
                  00007390    0000000e     tirtosport.aem4f : HwiP_tirtos.oem4f (.text:HwiP_Params_init)
                  0000739e    0000000e     rtsv7M4_T_le_v4SPD16_eabi.lib : copy_decompress_none.obj (.text:decompress:none)
                  000073ac    00000004     --HOLE-- [fill = 0]
                  000073b0    0000000e     sysbios.aem4f : BIOS.obj (.text:ti_sysbios_knl_Idle_loop__E)
                  000073be    00000002     --HOLE-- [fill = 0]
                  000073c0    0000000e                   : BIOS.obj (.text:ti_sysbios_knl_Queue_empty__E)
                  000073ce    0000000c     empty_pem4f.oem4f (.text:.bootCodeSection:ti_sysbios_family_arm_msp432_init_Boot_init__I)
                  000073da    0000000c     msp432p4xx_driverlib.lib : cpu.o (.text:CPU_cpsid)
                  000073e6    0000000c                              : cpu.o (.text:CPU_cpsie)
                  000073f2    00000002     --HOLE-- [fill = 0]
                  000073f4    0000000c     drivers_MSP432P401R.aem4f : PowerMSP432.oem4f (.text:Power_getConstraintMask)
                  00007400    0000000c     rtsv7M4_T_le_v4SPD16_eabi.lib : copy_zero_init.obj (.text:decompress:ZI)
                  0000740c    0000000c     empty_pem4f.oem4f (.text:ti_sysbios_family_arm_m3_Hwi_Params__init__S)
                  00007418    0000000c     sysbios.aem4f : BIOS.obj (.text:ti_sysbios_family_arm_m3_Hwi_disableFxn__E)
                  00007424    00000004     --HOLE-- [fill = 0]
                  00007428    0000000c                   : BIOS.obj (.text:ti_sysbios_family_arm_m3_TaskSupport_checkStack__E)
                  00007434    00000004     --HOLE-- [fill = 0]
                  00007438    0000000c                   : BIOS.obj (.text:ti_sysbios_family_arm_m3_TaskSupport_getStackAlignment__E)
                  00007444    00000004     --HOLE-- [fill = 0]
                  00007448    0000000c                   : BIOS.obj (.text:ti_sysbios_family_arm_m3_TimestampProvider_startTimer__E)
                  00007454    00000004     --HOLE-- [fill = 0]
                  00007458    0000000c                   : BIOS.obj (.text:ti_sysbios_family_arm_msp432_Timer_getMaxTicks__E)
                  00007464    00000004     --HOLE-- [fill = 0]
                  00007468    0000000c                   : BIOS.obj (.text:ti_sysbios_gates_GateHwi_enter__E)
                  00007474    0000000c     empty_pem4f.oem4f (.text:ti_sysbios_knl_Clock_Params__init__S)
                  00007480    0000000c     empty_pem4f.oem4f (.text:ti_sysbios_knl_Queue_Object__get__S)
                  0000748c    0000000c     empty_pem4f.oem4f (.text:ti_sysbios_knl_Task_Params__init__S)
                  00007498    0000000c     ti.targets.arm.rtsarm.aem4f : Error.oem4f (.text:xdc_runtime_Error_init__E)
                  000074a4    0000000c                                 : Gate.oem4f (.text:xdc_runtime_Gate_enterSystem__E)
                  000074b0    0000000c                                 : Memory.oem4f (.text:xdc_runtime_Memory_calloc__E)
                  000074bc    0000000c                                 : Memory.oem4f (.text:xdc_runtime_Memory_getMaxDefaultTypeAlign__E)
                  000074c8    0000000a     empty_pem4f.oem4f (.text:xdc_runtime_IHeap_alloc)
                  000074d2    0000000a     empty_pem4f.oem4f (.text:xdc_runtime_IHeap_free)
                  000074dc    00000008     MSP_EXP432P401RLP.obj (.text:MSP_EXP432P401RLP_initGPIO)
                  000074e4    00000008     MSP_EXP432P401RLP.obj (.text:MSP_EXP432P401RLP_initGeneral)
                  000074ec    00000004     --HOLE-- [fill = 0]
                  000074f0    00000008     sysbios.aem4f : BIOS.obj (.text:ti_sysbios_family_arm_m3_Hwi_doSwiRestore__I)
                  000074f8    00000008                   : BIOS.obj (.text:ti_sysbios_family_arm_m3_Hwi_startup__E)
                  00007500    00000006                   : BIOS.obj (.text:ti_sysbios_family_arm_m3_Hwi_restoreFxn__E)
                  00007506    00000002     --HOLE-- [fill = 0]
                  00007508    00000006                   : BIOS.obj (.text:ti_sysbios_gates_GateHwi_leave__E)
                  0000750e    00000002     --HOLE-- [fill = 0]
                  00007510    00000006                   : BIOS.obj (.text:ti_sysbios_heaps_HeapMem_isBlocking__E)
                  00007516    00000002     --HOLE-- [fill = 0]
                  00007518    00000006                   : BIOS.obj (.text:ti_sysbios_knl_Queue_Instance_init__E)
                  0000751e    00000002     --HOLE-- [fill = 0]
                  00007520    00000006                   : BIOS.obj (.text:ti_sysbios_knl_Swi_startup__E)
                  00007526    00000006     ti.targets.arm.rtsarm.aem4f : System.oem4f (.text:xdc_runtime_System_Module_startup__E)
                  0000752c    00000004     --HOLE-- [fill = 0]
                  00007530    00000004     sysbios.aem4f : BIOS.obj (.text:ti_sysbios_gates_GateHwi_query__E)
                  00007534    00000004     --HOLE-- [fill = 0]
                  00007538    00000004                   : BIOS.obj (.text:ti_sysbios_gates_GateMutex_query__E)
                  0000753c    00000004     --HOLE-- [fill = 0]
                  00007540    00000004                   : BIOS.obj (.text:ti_sysbios_knl_Task_startup__E)
                  00007544    00000004     --HOLE-- [fill = 0]
                  00007548    00000002                   : BIOS.obj (.text:ti_sysbios_family_arm_m3_TimestampProvider_rolloverFunc__E)
                  0000754a    00000006     --HOLE-- [fill = 0]
                  00007550    00000002                   : BIOS.obj (.text:ti_sysbios_gates_GateHwi_Instance_init__E)

.const     0    00007554    000026ea     
                  00007554    00001ec7     empty_pem4f.oem4f (.const:xdc_runtime_Text_charTab__A)
                  0000941b    00000001     empty_pem4f.oem4f (.const:xdc_runtime_Error_policy__C)
                  0000941c    000000f8     empty_pem4f.oem4f (.const:xdc_runtime_Text_nodeTab__A)
                  00009514    00000060     empty_pem4f.oem4f (.const:ti_uia_loggers_LoggerStopMode_Module__FXNS__C)
                  00009574    00000048     empty_pem4f.oem4f (.const:.string)
                  000095bc    0000003c     empty_pem4f.oem4f (.const:ti_sysbios_knl_Task_Object__PARAMS__C)
                  000095f8    00000030     msp432p4xx_driverlib.lib : gpio.o (.const:GPIO_PORT_TO_BASE)
                  00009628    00000030     empty_pem4f.oem4f (.const:ti_sysbios_family_arm_m3_Hwi_Object__PARAMS__C)
                  00009658    0000002c     empty_pem4f.oem4f (.const:xdc_runtime_Startup_sfxnTab__A)
                  00009684    00000028     empty_pem4f.oem4f (.const:ti_sysbios_heaps_HeapMem_Module__FXNS__C)
                  000096ac    00000028     empty_pem4f.oem4f (.const:ti_uia_loggers_LoggerStopMode_Object__PARAMS__C)
                  000096d4    00000024     empty_pem4f.oem4f (.const:ti_sysbios_gates_GateHwi_Module__FXNS__C)
                  000096f8    00000024     empty_pem4f.oem4f (.const:ti_sysbios_gates_GateMutex_Module__FXNS__C)
                  0000971c    00000024     empty_pem4f.oem4f (.const:ti_sysbios_heaps_HeapMem_Object__PARAMS__C)
                  00009740    00000024     empty_pem4f.oem4f (.const:ti_sysbios_knl_Clock_Object__PARAMS__C)
                  00009764    00000024     empty_pem4f.oem4f (.const:ti_sysbios_knl_Semaphore_Object__PARAMS__C)
                  00009788    00000020     empty_pem4f.oem4f (.const:ti_sysbios_family_arm_m3_Hwi_Object__DESC__C)
                  000097a8    00000020     empty_pem4f.oem4f (.const:ti_sysbios_gates_GateHwi_Object__DESC__C)
                  000097c8    00000020     empty_pem4f.oem4f (.const:ti_sysbios_gates_GateMutex_Object__DESC__C)
                  000097e8    00000020     empty_pem4f.oem4f (.const:ti_sysbios_heaps_HeapMem_Object__DESC__C)
                  00009808    00000020     empty_pem4f.oem4f (.const:ti_sysbios_knl_Clock_Object__DESC__C)
                  00009828    00000020     empty_pem4f.oem4f (.const:ti_sysbios_knl_Queue_Object__DESC__C)
                  00009848    00000020     empty_pem4f.oem4f (.const:ti_sysbios_knl_Semaphore_Object__DESC__C)
                  00009868    00000020     empty_pem4f.oem4f (.const:ti_sysbios_knl_Task_Object__DESC__C)
                  00009888    00000020     empty_pem4f.oem4f (.const:ti_uia_loggers_LoggerStopMode_Object__DESC__C)
                  000098a8    00000018     empty_pem4f.oem4f (.const:ti_sysbios_gates_GateHwi_Object__PARAMS__C)
                  000098c0    00000018     empty_pem4f.oem4f (.const:ti_sysbios_gates_GateMutex_Object__PARAMS__C)
                  000098d8    00000018     empty_pem4f.oem4f (.const:ti_sysbios_knl_Queue_Object__PARAMS__C)
                  000098f0    00000016     empty_pem4f.oem4f (.const:xdc_runtime_Startup_sfxnRts__A)
                  00009906    00000002     empty_pem4f.oem4f (.const:ti_sysbios_family_arm_m3_Hwi_Module__id__C)
                  00009908    00000014     MSP_EXP432P401RLP.obj (.const:GPIOMSP432_config)
                  0000991c    00000011     ti.targets.arm.rtsarm.aem4f : System.oem4f (.const:.string)
                  0000992d    00000001     --HOLE-- [fill = 0]
                  0000992e    00000002     empty_pem4f.oem4f (.const:ti_sysbios_family_arm_m3_Hwi_Module__loggerDefined__C)
                  00009930    00000010     MSP_EXP432P401RLP.obj (.const)
                  00009940    0000000c     drivers_MSP432P401R.aem4f : GPIOMSP432.oem4f (.const:.string)
                  0000994c    0000000c     empty_pem4f.oem4f (.const:ti_sysbios_knl_Idle_funcList__A)
                  00009958    0000000c     empty_pem4f.oem4f (.const:xdc_runtime_Startup_firstFxns__A)
                  00009964    00000008     empty_pem4f.oem4f (.const:ti_sysbios_family_arm_m3_Hwi_excHookFuncs__A)
                  0000996c    00000008     empty_pem4f.oem4f (.const:ti_sysbios_knl_Idle_funcList__C)
                  00009974    00000008     empty_pem4f.oem4f (.const:xdc_runtime_Startup_firstFxns__C)
                  0000997c    00000008     empty_pem4f.oem4f (.const:xdc_runtime_Startup_lastFxns__C)
                  00009984    00000004     empty_pem4f.oem4f (.const:ti_sysbios_family_arm_m3_Hwi_E_NMI__C)
                  00009988    00000004     empty_pem4f.oem4f (.const:ti_sysbios_family_arm_m3_Hwi_E_alreadyDefined__C)
                  0000998c    00000004     empty_pem4f.oem4f (.const:ti_sysbios_family_arm_m3_Hwi_E_busFault__C)
                  00009990    00000004     empty_pem4f.oem4f (.const:ti_sysbios_family_arm_m3_Hwi_E_debugMon__C)
                  00009994    00000004     empty_pem4f.oem4f (.const:ti_sysbios_family_arm_m3_Hwi_E_hardFault__C)
                  00009998    00000004     empty_pem4f.oem4f (.const:ti_sysbios_family_arm_m3_Hwi_E_memFault__C)
                  0000999c    00000004     empty_pem4f.oem4f (.const:ti_sysbios_family_arm_m3_Hwi_E_noIsr__C)
                  000099a0    00000004     empty_pem4f.oem4f (.const:ti_sysbios_family_arm_m3_Hwi_E_reserved__C)
                  000099a4    00000004     empty_pem4f.oem4f (.const:ti_sysbios_family_arm_m3_Hwi_E_svCall__C)
                  000099a8    00000004     empty_pem4f.oem4f (.const:ti_sysbios_family_arm_m3_Hwi_E_usageFault__C)
                  000099ac    00000004     empty_pem4f.oem4f (.const:ti_sysbios_family_arm_m3_Hwi_LD_end__C)
                  000099b0    00000004     empty_pem4f.oem4f (.const:ti_sysbios_family_arm_m3_Hwi_LM_begin__C)
                  000099b4    00000004     empty_pem4f.oem4f (.const:ti_sysbios_family_arm_m3_Hwi_Module__diagsEnabled__C)
                  000099b8    00000004     empty_pem4f.oem4f (.const:ti_sysbios_family_arm_m3_Hwi_Module__diagsIncluded__C)
                  000099bc    00000004     empty_pem4f.oem4f (.const:ti_sysbios_family_arm_m3_Hwi_Module__diagsMask__C)
                  000099c0    00000004     empty_pem4f.oem4f (.const:ti_sysbios_family_arm_m3_Hwi_Module__loggerFxn1__C)
                  000099c4    00000004     empty_pem4f.oem4f (.const:ti_sysbios_family_arm_m3_Hwi_Module__loggerFxn8__C)
                  000099c8    00000004     empty_pem4f.oem4f (.const:ti_sysbios_family_arm_m3_Hwi_Module__loggerObj__C)
                  000099cc    00000004     empty_pem4f.oem4f (.const:ti_sysbios_family_arm_m3_Hwi_NUM_INTERRUPTS__C)
                  000099d0    00000004     empty_pem4f.oem4f (.const:ti_sysbios_family_arm_m3_Hwi_Object__count__C)
                  000099d4    00000004     empty_pem4f.oem4f (.const:ti_sysbios_family_arm_m3_Hwi_ccr__C)
                  000099d8    00000004     empty_pem4f.oem4f (.const:ti_sysbios_family_arm_m3_Hwi_excHandlerFunc__C)
                  000099dc    00000004     empty_pem4f.oem4f (.const:ti_sysbios_family_arm_m3_Hwi_excHookFuncs__C)
                  000099e0    00000004     empty_pem4f.oem4f (.const:ti_sysbios_family_arm_m3_Hwi_nullIsrFunc__C)
                  000099e4    00000004     empty_pem4f.oem4f (.const:ti_sysbios_family_arm_m3_Hwi_priGroup__C)
                  000099e8    00000004     empty_pem4f.oem4f (.const:ti_sysbios_family_arm_m3_TaskSupport_stackAlignment__C)
                  000099ec    00000004     empty_pem4f.oem4f (.const:ti_sysbios_family_arm_m3_Timer_E_cannotSupport__C)
                  000099f0    00000004     empty_pem4f.oem4f (.const:ti_sysbios_family_arm_m3_Timer_startupNeeded__C)
                  000099f4    00000004     empty_pem4f.oem4f (.const:ti_sysbios_family_arm_msp432_Timer_numTimerDevices__C)
                  000099f8    00000004     empty_pem4f.oem4f (.const:ti_sysbios_family_arm_msp432_Timer_startupNeeded__C)
                  000099fc    00000004     empty_pem4f.oem4f (.const:ti_sysbios_gates_GateMutex_A_badContext__C)
                  00009a00    00000004     empty_pem4f.oem4f (.const:ti_sysbios_gates_GateMutex_Instance_State_sem__O)
                  00009a04    00000004     empty_pem4f.oem4f (.const:ti_sysbios_gates_GateMutex_Module__diagsEnabled__C)
                  00009a08    00000004     empty_pem4f.oem4f (.const:ti_sysbios_gates_GateMutex_Module__diagsIncluded__C)
                  00009a0c    00000004     empty_pem4f.oem4f (.const:ti_sysbios_gates_GateMutex_Module__diagsMask__C)
                  00009a10    00000004     empty_pem4f.oem4f (.const:ti_sysbios_hal_Hwi_E_stackOverflow__C)
                  00009a14    00000004     empty_pem4f.oem4f (.const:ti_sysbios_heaps_HeapMem_A_align__C)
                  00009a18    00000004     empty_pem4f.oem4f (.const:ti_sysbios_heaps_HeapMem_A_heapSize__C)
                  00009a1c    00000004     empty_pem4f.oem4f (.const:ti_sysbios_heaps_HeapMem_A_invalidFree__C)
                  00009a20    00000004     empty_pem4f.oem4f (.const:ti_sysbios_heaps_HeapMem_A_zeroBlock__C)
                  00009a24    00000004     empty_pem4f.oem4f (.const:ti_sysbios_heaps_HeapMem_E_memory__C)
                  00009a28    00000004     empty_pem4f.oem4f (.const:ti_sysbios_heaps_HeapMem_Module__diagsEnabled__C)
                  00009a2c    00000004     empty_pem4f.oem4f (.const:ti_sysbios_heaps_HeapMem_Module__diagsIncluded__C)
                  00009a30    00000004     empty_pem4f.oem4f (.const:ti_sysbios_heaps_HeapMem_Module__diagsMask__C)
                  00009a34    00000004     empty_pem4f.oem4f (.const:ti_sysbios_heaps_HeapMem_Module__gateObj__C)
                  00009a38    00000004     empty_pem4f.oem4f (.const:ti_sysbios_heaps_HeapMem_Object__count__C)
                  00009a3c    00000004     empty_pem4f.oem4f (.const:ti_sysbios_heaps_HeapMem_reqAlign__C)
                  00009a40    00000004     empty_pem4f.oem4f (.const:ti_sysbios_knl_Clock_A_badThreadType__C)
                  00009a44    00000004     empty_pem4f.oem4f (.const:ti_sysbios_knl_Clock_LM_begin__C)
                  00009a48    00000004     empty_pem4f.oem4f (.const:ti_sysbios_knl_Clock_LM_tick__C)
                  00009a4c    00000004     empty_pem4f.oem4f (.const:ti_sysbios_knl_Clock_LW_delayed__C)
                  00009a50    00000004     empty_pem4f.oem4f (.const:ti_sysbios_knl_Clock_Module_State_clockQ__O)
                  00009a54    00000004     empty_pem4f.oem4f (.const:ti_sysbios_knl_Clock_Module__diagsEnabled__C)
                  00009a58    00000004     empty_pem4f.oem4f (.const:ti_sysbios_knl_Clock_Module__diagsIncluded__C)
                  00009a5c    00000004     empty_pem4f.oem4f (.const:ti_sysbios_knl_Clock_Module__diagsMask__C)
                  00009a60    00000004     empty_pem4f.oem4f (.const:ti_sysbios_knl_Clock_Module__loggerFxn1__C)
                  00009a64    00000004     empty_pem4f.oem4f (.const:ti_sysbios_knl_Clock_Module__loggerFxn2__C)
                  00009a68    00000004     empty_pem4f.oem4f (.const:ti_sysbios_knl_Clock_Module__loggerObj__C)
                  00009a6c    00000004     empty_pem4f.oem4f (.const:ti_sysbios_knl_Semaphore_A_badContext__C)
                  00009a70    00000004     empty_pem4f.oem4f (.const:ti_sysbios_knl_Semaphore_A_noEvents__C)
                  00009a74    00000004     empty_pem4f.oem4f (.const:ti_sysbios_knl_Semaphore_A_overflow__C)
                  00009a78    00000004     empty_pem4f.oem4f (.const:ti_sysbios_knl_Semaphore_A_pendTaskDisabled__C)
                  00009a7c    00000004     empty_pem4f.oem4f (.const:ti_sysbios_knl_Semaphore_Instance_State_pendQ__O)
                  00009a80    00000004     empty_pem4f.oem4f (.const:ti_sysbios_knl_Semaphore_LM_pend__C)
                  00009a84    00000004     empty_pem4f.oem4f (.const:ti_sysbios_knl_Semaphore_LM_post__C)
                  00009a88    00000004     empty_pem4f.oem4f (.const:ti_sysbios_knl_Semaphore_Module__diagsEnabled__C)
                  00009a8c    00000004     empty_pem4f.oem4f (.const:ti_sysbios_knl_Semaphore_Module__diagsIncluded__C)
                  00009a90    00000004     empty_pem4f.oem4f (.const:ti_sysbios_knl_Semaphore_Module__diagsMask__C)
                  00009a94    00000004     empty_pem4f.oem4f (.const:ti_sysbios_knl_Semaphore_Module__loggerFxn2__C)
                  00009a98    00000004     empty_pem4f.oem4f (.const:ti_sysbios_knl_Semaphore_Module__loggerFxn4__C)
                  00009a9c    00000004     empty_pem4f.oem4f (.const:ti_sysbios_knl_Semaphore_Module__loggerObj__C)
                  00009aa0    00000004     empty_pem4f.oem4f (.const:ti_sysbios_knl_Swi_LD_end__C)
                  00009aa4    00000004     empty_pem4f.oem4f (.const:ti_sysbios_knl_Swi_LM_begin__C)
                  00009aa8    00000004     empty_pem4f.oem4f (.const:ti_sysbios_knl_Swi_LM_post__C)
                  00009aac    00000004     empty_pem4f.oem4f (.const:ti_sysbios_knl_Swi_Module__diagsEnabled__C)
                  00009ab0    00000004     empty_pem4f.oem4f (.const:ti_sysbios_knl_Swi_Module__diagsIncluded__C)
                  00009ab4    00000004     empty_pem4f.oem4f (.const:ti_sysbios_knl_Swi_Module__diagsMask__C)
                  00009ab8    00000004     empty_pem4f.oem4f (.const:ti_sysbios_knl_Swi_Module__loggerFxn1__C)
                  00009abc    00000004     empty_pem4f.oem4f (.const:ti_sysbios_knl_Swi_Module__loggerFxn4__C)
                  00009ac0    00000004     empty_pem4f.oem4f (.const:ti_sysbios_knl_Swi_Module__loggerObj__C)
                  00009ac4    00000004     empty_pem4f.oem4f (.const:ti_sysbios_knl_Swi_Object__count__C)
                  00009ac8    00000004     empty_pem4f.oem4f (.const:ti_sysbios_knl_Task_A_badPriority__C)
                  00009acc    00000004     empty_pem4f.oem4f (.const:ti_sysbios_knl_Task_A_badTaskState__C)
                  00009ad0    00000004     empty_pem4f.oem4f (.const:ti_sysbios_knl_Task_A_badThreadType__C)
                  00009ad4    00000004     empty_pem4f.oem4f (.const:ti_sysbios_knl_Task_A_badTimeout__C)
                  00009ad8    00000004     empty_pem4f.oem4f (.const:ti_sysbios_knl_Task_A_noPendElem__C)
                  00009adc    00000004     empty_pem4f.oem4f (.const:ti_sysbios_knl_Task_A_sleepTaskDisabled__C)
                  00009ae0    00000004     empty_pem4f.oem4f (.const:ti_sysbios_knl_Task_E_spOutOfBounds__C)
                  00009ae4    00000004     empty_pem4f.oem4f (.const:ti_sysbios_knl_Task_E_stackOverflow__C)
                  00009ae8    00000004     empty_pem4f.oem4f (.const:ti_sysbios_knl_Task_LD_block__C)
                  00009aec    00000004     empty_pem4f.oem4f (.const:ti_sysbios_knl_Task_LD_exit__C)
                  00009af0    00000004     empty_pem4f.oem4f (.const:ti_sysbios_knl_Task_LD_ready__C)
                  00009af4    00000004     empty_pem4f.oem4f (.const:ti_sysbios_knl_Task_LM_sleep__C)
                  00009af8    00000004     empty_pem4f.oem4f (.const:ti_sysbios_knl_Task_LM_switch__C)
                  00009afc    00000004     empty_pem4f.oem4f (.const:ti_sysbios_knl_Task_Module_State_inactiveQ__O)
                  00009b00    00000004     empty_pem4f.oem4f (.const:ti_sysbios_knl_Task_Module__diagsEnabled__C)
                  00009b04    00000004     empty_pem4f.oem4f (.const:ti_sysbios_knl_Task_Module__diagsIncluded__C)
                  00009b08    00000004     empty_pem4f.oem4f (.const:ti_sysbios_knl_Task_Module__diagsMask__C)
                  00009b0c    00000004     empty_pem4f.oem4f (.const:ti_sysbios_knl_Task_Module__loggerFxn2__C)
                  00009b10    00000004     empty_pem4f.oem4f (.const:ti_sysbios_knl_Task_Module__loggerFxn4__C)
                  00009b14    00000004     empty_pem4f.oem4f (.const:ti_sysbios_knl_Task_Module__loggerObj__C)
                  00009b18    00000004     empty_pem4f.oem4f (.const:ti_sysbios_knl_Task_Object__count__C)
                  00009b1c    00000004     empty_pem4f.oem4f (.const:ti_sysbios_knl_Task_allBlockedFunc__C)
                  00009b20    00000004     empty_pem4f.oem4f (.const:ti_sysbios_knl_Task_defaultStackHeap__C)
                  00009b24    00000004     empty_pem4f.oem4f (.const:ti_sysbios_knl_Task_defaultStackSize__C)
                  00009b28    00000004     empty_pem4f.oem4f (.const:ti_sysbios_knl_Task_numConstructedTasks__C)
                  00009b2c    00000004     empty_pem4f.oem4f (.const:ti_sysbios_utils_Load_LS_cpuLoad__C)
                  00009b30    00000004     empty_pem4f.oem4f (.const:ti_sysbios_utils_Load_LS_hwiLoad__C)
                  00009b34    00000004     empty_pem4f.oem4f (.const:ti_sysbios_utils_Load_Module__diagsEnabled__C)
                  00009b38    00000004     empty_pem4f.oem4f (.const:ti_sysbios_utils_Load_Module__diagsIncluded__C)
                  00009b3c    00000004     empty_pem4f.oem4f (.const:ti_sysbios_utils_Load_Module__diagsMask__C)
                  00009b40    00000004     empty_pem4f.oem4f (.const:ti_sysbios_utils_Load_Module__loggerFxn1__C)
                  00009b44    00000004     empty_pem4f.oem4f (.const:ti_sysbios_utils_Load_Module__loggerFxn2__C)
                  00009b48    00000004     empty_pem4f.oem4f (.const:ti_sysbios_utils_Load_Module__loggerObj__C)
                  00009b4c    00000004     empty_pem4f.oem4f (.const:ti_sysbios_utils_Load_postUpdate__C)
                  00009b50    00000004     empty_pem4f.oem4f (.const:ti_sysbios_utils_Load_windowInMs__C)
                  00009b54    00000004     empty_pem4f.oem4f (.const:ti_uia_loggers_LoggerStopMode_Module__diagsEnabled__C)
                  00009b58    00000004     empty_pem4f.oem4f (.const:ti_uia_loggers_LoggerStopMode_Module__diagsIncluded__C)
                  00009b5c    00000004     empty_pem4f.oem4f (.const:ti_uia_loggers_LoggerStopMode_Module__diagsMask__C)
                  00009b60    00000004     empty_pem4f.oem4f (.const:ti_uia_loggers_LoggerStopMode_Object__count__C)
                  00009b64    00000004     empty_pem4f.oem4f (.const:ti_uia_runtime_ILoggerSnapshot_Interface__BASE__C)
                  00009b68    00000004     empty_pem4f.oem4f (.const:ti_uia_runtime_IUIATransfer_Interface__BASE__C)
                  00009b6c    00000004     empty_pem4f.oem4f (.const:xdc_runtime_Assert_E_assertFailed__C)
                  00009b70    00000004     empty_pem4f.oem4f (.const:xdc_runtime_Core_A_initializedParams__C)
                  00009b74    00000004     empty_pem4f.oem4f (.const:xdc_runtime_Core_Module__diagsEnabled__C)
                  00009b78    00000004     empty_pem4f.oem4f (.const:xdc_runtime_Core_Module__diagsIncluded__C)
                  00009b7c    00000004     empty_pem4f.oem4f (.const:xdc_runtime_Core_Module__diagsMask__C)
                  00009b80    00000004     empty_pem4f.oem4f (.const:xdc_runtime_Error_E_memory__C)
                  00009b84    00000004     empty_pem4f.oem4f (.const:xdc_runtime_Error_Module__diagsEnabled__C)
                  00009b88    00000004     empty_pem4f.oem4f (.const:xdc_runtime_Error_Module__diagsIncluded__C)
                  00009b8c    00000004     empty_pem4f.oem4f (.const:xdc_runtime_Error_Module__diagsMask__C)
                  00009b90    00000004     empty_pem4f.oem4f (.const:xdc_runtime_Error_Module__loggerFxn8__C)
                  00009b94    00000004     empty_pem4f.oem4f (.const:xdc_runtime_Error_Module__loggerObj__C)
                  00009b98    00000004     empty_pem4f.oem4f (.const:xdc_runtime_Error_policyFxn__C)
                  00009b9c    00000004     empty_pem4f.oem4f (.const:xdc_runtime_Error_raiseHook__C)
                  00009ba0    00000004     empty_pem4f.oem4f (.const:xdc_runtime_IFilterLogger_Interface__BASE__C)
                  00009ba4    00000004     empty_pem4f.oem4f (.const:xdc_runtime_IGateProvider_Interface__BASE__C)
                  00009ba8    00000004     empty_pem4f.oem4f (.const:xdc_runtime_IHeap_Interface__BASE__C)
                  00009bac    00000004     empty_pem4f.oem4f (.const:xdc_runtime_ILogger_Interface__BASE__C)
                  00009bb0    00000004     empty_pem4f.oem4f (.const:xdc_runtime_IModule_Interface__BASE__C)
                  00009bb4    00000004     empty_pem4f.oem4f (.const:xdc_runtime_Log_L_error__C)
                  00009bb8    00000004     empty_pem4f.oem4f (.const:xdc_runtime_Memory_defaultHeapInstance__C)
                  00009bbc    00000004     empty_pem4f.oem4f (.const:xdc_runtime_Startup_execImpl__C)
                  00009bc0    00000004     empty_pem4f.oem4f (.const:xdc_runtime_Startup_lastFxns__A)
                  00009bc4    00000004     empty_pem4f.oem4f (.const:xdc_runtime_Startup_maxPasses__C)
                  00009bc8    00000004     empty_pem4f.oem4f (.const:xdc_runtime_Startup_sfxnRts__C)
                  00009bcc    00000004     empty_pem4f.oem4f (.const:xdc_runtime_Startup_sfxnTab__C)
                  00009bd0    00000004     empty_pem4f.oem4f (.const:xdc_runtime_SysMin_bufSize__C)
                  00009bd4    00000004     empty_pem4f.oem4f (.const:xdc_runtime_SysMin_outputFunc__C)
                  00009bd8    00000004     empty_pem4f.oem4f (.const:xdc_runtime_System_Module__gateObj__C)
                  00009bdc    00000004     empty_pem4f.oem4f (.const:xdc_runtime_System_abortFxn__C)
                  00009be0    00000004     empty_pem4f.oem4f (.const:xdc_runtime_System_exitFxn__C)
                  00009be4    00000004     empty_pem4f.oem4f (.const:xdc_runtime_System_extendFxn__C)
                  00009be8    00000004     empty_pem4f.oem4f (.const:xdc_runtime_System_maxAtexitHandlers__C)
                  00009bec    00000004     empty_pem4f.oem4f (.const:xdc_runtime_Text_charTab__C)
                  00009bf0    00000004     empty_pem4f.oem4f (.const:xdc_runtime_Text_nameEmpty__C)
                  00009bf4    00000004     empty_pem4f.oem4f (.const:xdc_runtime_Text_nameStatic__C)
                  00009bf8    00000004     empty_pem4f.oem4f (.const:xdc_runtime_Text_nameUnknown__C)
                  00009bfc    00000004     empty_pem4f.oem4f (.const:xdc_runtime_Text_nodeTab__C)
                  00009c00    00000004     empty_pem4f.oem4f (.const:xdc_runtime_Text_visitRopeFxn__C)
                  00009c04    00000002     empty_pem4f.oem4f (.const:ti_sysbios_family_arm_m3_Timer_Module__id__C)
                  00009c06    00000002     empty_pem4f.oem4f (.const:ti_sysbios_family_arm_m3_TimestampProvider_configTimer__C)
                  00009c08    00000002     empty_pem4f.oem4f (.const:ti_sysbios_gates_GateMutex_Module__id__C)
                  00009c0a    00000002     empty_pem4f.oem4f (.const:ti_sysbios_hal_Hwi_Module__id__C)
                  00009c0c    00000002     empty_pem4f.oem4f (.const:ti_sysbios_heaps_HeapMem_Module__id__C)
                  00009c0e    00000002     empty_pem4f.oem4f (.const:ti_sysbios_knl_Clock_Module__id__C)
                  00009c10    00000002     empty_pem4f.oem4f (.const:ti_sysbios_knl_Clock_Module__loggerDefined__C)
                  00009c12    00000002     empty_pem4f.oem4f (.const:ti_sysbios_knl_Semaphore_Module__id__C)
                  00009c14    00000002     empty_pem4f.oem4f (.const:ti_sysbios_knl_Semaphore_Module__loggerDefined__C)
                  00009c16    00000002     empty_pem4f.oem4f (.const:ti_sysbios_knl_Swi_Module__id__C)
                  00009c18    00000002     empty_pem4f.oem4f (.const:ti_sysbios_knl_Swi_Module__loggerDefined__C)
                  00009c1a    00000002     empty_pem4f.oem4f (.const:ti_sysbios_knl_Task_Module__id__C)
                  00009c1c    00000002     empty_pem4f.oem4f (.const:ti_sysbios_knl_Task_Module__loggerDefined__C)
                  00009c1e    00000002     empty_pem4f.oem4f (.const:ti_sysbios_knl_Task_initStackFlag__C)
                  00009c20    00000002     empty_pem4f.oem4f (.const:ti_sysbios_utils_Load_Module__id__C)
                  00009c22    00000002     empty_pem4f.oem4f (.const:ti_sysbios_utils_Load_Module__loggerDefined__C)
                  00009c24    00000002     empty_pem4f.oem4f (.const:ti_sysbios_utils_Load_hwiEnabled__C)
                  00009c26    00000002     empty_pem4f.oem4f (.const:ti_sysbios_utils_Load_updateInIdle__C)
                  00009c28    00000002     empty_pem4f.oem4f (.const:ti_uia_loggers_LoggerStopMode_Module__id__C)
                  00009c2a    00000002     empty_pem4f.oem4f (.const:ti_uia_loggers_LoggerStopMode_isTimestampEnabled__C)
                  00009c2c    00000002     empty_pem4f.oem4f (.const:xdc_runtime_Core_Module__id__C)
                  00009c2e    00000002     empty_pem4f.oem4f (.const:xdc_runtime_Error_Module__loggerDefined__C)
                  00009c30    00000002     empty_pem4f.oem4f (.const:xdc_runtime_Error_maxDepth__C)
                  00009c32    00000002     empty_pem4f.oem4f (.const:xdc_runtime_Memory_Module__id__C)
                  00009c34    00000002     empty_pem4f.oem4f (.const:xdc_runtime_SysMin_flushAtExit__C)
                  00009c36    00000002     empty_pem4f.oem4f (.const:xdc_runtime_Text_charCnt__C)
                  00009c38    00000002     empty_pem4f.oem4f (.const:xdc_runtime_Text_isLoaded__C)
                  00009c3a    00000002     empty_pem4f.oem4f (.const:xdc_runtime_Text_registryModsLastId__C)
                  00009c3c    00000002     empty_pem4f.oem4f (.const:xdc_runtime_Text_unnamedModsLastId__C)

.cinit     0    00009c40    00000520     
                  00009c40    000004e7     (.cinit..data.load) [load image, compression = rle]
                  0000a127    00000001     --HOLE-- [fill = 0]
                  0000a128    0000000c     (__TI_handler_table)
                  0000a134    00000004     --HOLE-- [fill = 0]
                  0000a138    00000008     (.cinit..bss.load) [load image, compression = zero_init]
                  0000a140    00000008     (.cinit..vecs.load) [load image, compression = zero_init]
                  0000a148    00000018     (__TI_cinit_table)

.bss       0    20000180    00002c30     UNINITIALIZED
                  20000180    00001000     empty_pem4f.oem4f (.bss:ti_sysbios_heaps_HeapMem_Instance_State_0_buf__A)
                  20001180    00000a00     empty_pem4f.oem4f (.bss:taskStackSection)
                  20001b80    00000400     empty_pem4f.oem4f (.bss:ti_uia_loggers_LoggerStopMode_Instance_State_1_packetArray__A)
                  20001f80    00000400     empty_pem4f.oem4f (.bss:ti_uia_loggers_LoggerStopMode_Instance_State_2_packetArray__A)
                  20002380    00000400     empty_pem4f.oem4f (.bss:xdc_runtime_SysMin_Module_State_0_outbuf__A)
                  20002780    00000200     empty_pem4f.oem4f (.bss:ti_uia_loggers_LoggerStopMode_Instance_State_0_packetArray__A)
                  20002980    00000140     empty_pem4f.oem4f (.bss:ti_sysbios_family_arm_m3_Hwi_dispatchTable)
                  20002ac0    00000120     rtsv7M4_T_le_v4SPD16_eabi.lib : trgmsg.obj (.bss:__CIOBUF_)
                  20002be0    00000030     drivers_MSP432P401R.aem4f : GPIOMSP432.oem4f (.bss:gpioCallbackInfo)
                  20002c10    00000014     (.common:buff1)
                  20002c24    00000014     (.common:buff2)
                  20002c38    00000008     (.common:parmbuf)
                  20002c40    00000040     --HOLE--
                  20002c80    00000030     empty_pem4f.oem4f (.bss:ti_uia_loggers_LoggerStopMode_Instance_State_0_hdr__A)
                  20002cb0    00000050     --HOLE--
                  20002d00    00000030     empty_pem4f.oem4f (.bss:ti_uia_loggers_LoggerStopMode_Instance_State_1_hdr__A)
                  20002d30    00000050     --HOLE--
                  20002d80    00000030     empty_pem4f.oem4f (.bss:ti_uia_loggers_LoggerStopMode_Instance_State_2_hdr__A)

.data      0    20002db0    00000779     UNINITIALIZED
                  20002db0    000001ac     empty_pem4f.oem4f (.data)
                  20002f5c    0000009c     drivers_MSP432P401R.aem4f : PowerMSP432.oem4f (.data:PowerMSP432_perfLevels)
                  20002ff8    0000009c     empty_pem4f.oem4f (.data:ti_uia_loggers_LoggerStopMode_Object__table__V)
                  20003094    00000098     empty_pem4f.oem4f (.data:ti_sysbios_knl_Task_Object__table__V)
                  2000312c    00000098     empty_pem4f.oem4f (.data:ti_sysbios_utils_Load_Module__state__V)
                  200031c4    00000080     empty_pem4f.oem4f (.data:ti_sysbios_knl_Swi_Module_State_0_readyQ__A)
                  20003244    00000080     empty_pem4f.oem4f (.data:ti_sysbios_knl_Task_Module_State_0_readyQ__A)
                  200032c4    0000004c     empty_pem4f.oem4f (.data:ti_sysbios_family_arm_msp432_Timer_Object__table__V)
                  20003310    00000044     empty_pem4f.oem4f (.data:ti_sysbios_knl_Task_Module__state__V)
                  20003354    0000003c     MSP_EXP432P401RLP.obj (.data:gpioPinConfigs)
                  20003390    00000038     empty_pem4f.oem4f (.data:ti_sysbios_gates_GateMutex_Object__table__V)
                  200033c8    00000034     empty_pem4f.oem4f (.data:ti_sysbios_family_arm_m3_Hwi_Module__state__V)
                  200033fc    00000030     empty_pem4f.oem4f (.data:ti_sysbios_family_arm_m3_Hwi_Object__table__V)
                  2000342c    00000030     empty_pem4f.oem4f (.data:ti_sysbios_family_arm_m3_Timer_Object__table__V)
                  2000345c    00000030     empty_pem4f.oem4f (.data:ti_sysbios_knl_Swi_Object__table__V)
                  2000348c    0000002c     empty_pem4f.oem4f (.data:ti_sysbios_knl_Clock_Module__state__V)
                  200034b8    00000024     drivers_MSP432P401R.aem4f : PowerMSP432.oem4f (.data:PowerMSP432_module)
                  200034dc    00000024     empty_pem4f.oem4f (.data:ti_sysbios_BIOS_Module__state__V)
                  20003500    0000000c     MSP_EXP432P401RLP.obj (.data)
                  2000350c    00000008     rtsv7M4_T_le_v4SPD16_eabi.lib : _lock.obj (.data)
                  20003514    00000008                                   : exit.obj (.data)
                  2000351c    00000008     ti.uia.runtime.aem4f : QueueDescriptor.oem4f (.data)
                  20003524    00000004     rtsv7M4_T_le_v4SPD16_eabi.lib : stkdepth_vars.obj (.data)
                  20003528    00000001     drivers_MSP432P401R.aem4f : GPIOMSP432.oem4f (.data)

.stack     0    2000f000    00001000     UNINITIALIZED
                  2000f000    00001000     --HOLE--

.bootVecs 
*          0    00000000    00000008     DSECT
                  00000000    00000008     boot.aem4f : boot.oem4f (.bootVecs)

.vecs      0    20000000    00000140     UNINITIALIZED
                  20000000    00000140     empty_pem4f.oem4f (.vecs)

xdc.meta   0    00000000    000000e8     COPY SECTION
                  00000000    000000e8     empty_pem4f.oem4f (xdc.meta)

.TI.noinit 
*          0    20000180    00000000     UNINITIALIZED

.TI.persistent 
*          0    20002db0    00000000     UNINITIALIZED


LINKER GENERATED COPY TABLES

__TI_cinit_table @ 0000a148 records: 3, size/record: 8, table size: 24
	.data: load addr=00009c40, load size=000004e7 bytes, run addr=20002db0, run size=00000779 bytes, compression=rle
	.bss: load addr=0000a138, load size=00000008 bytes, run addr=20000180, run size=00002c30 bytes, compression=zero_init
	.vecs: load addr=0000a140, load size=00000008 bytes, run addr=20000000, run size=00000140 bytes, compression=zero_init


LINKER GENERATED HANDLER TABLE

__TI_handler_table @ 0000a128 records: 3, size/record: 4, table size: 12
	index: 0, handler: __TI_decompress_rle24
	index: 1, handler: __TI_decompress_none
	index: 2, handler: __TI_zero_init


GLOBAL SYMBOLS: SORTED ALPHABETICALLY BY Name 

address   name                                                         
-------   ----                                                         
00005e0d  C$$EXIT                                                      
00005017  C$$IO$$                                                      
000073db  CPU_cpsid                                                    
000073e7  CPU_cpsie                                                    
000007bd  CPU_wfi                                                      
00003559  CS_initClockSignal                                           
00006a25  CS_setDCOCenteredFrequency                                   
00005fa5  FlashCtl_disableReadBuffering                                
000062c1  FlashCtl_enableReadBuffering                                 
00006935  FlashCtl_setWaitState                                        
00009908  GPIOMSP432_config                                            
00006fb1  GPIO_clearInterruptFlag                                      
000064dd  GPIO_getEnabledInterruptStatus                               
0000724d  GPIO_getInterruptStatus                                      
00005649  GPIO_hwiIntFxn                                               
00004f81  GPIO_init                                                    
00006c05  GPIO_interruptEdgeSelect                                     
0000674d  GPIO_setAsInputPin                                           
0000650d  GPIO_setAsInputPinWithPullDownResistor                       
0000653d  GPIO_setAsInputPinWithPullUpResistor                         
00006a49  GPIO_setAsOutputPin                                          
0000569d  GPIO_setCallback                                             
00002129  GPIO_setConfig                                               
00007159  GPIO_setDriveStrengthHigh                                    
00006fc9  GPIO_setDriveStrengthLow                                     
0000716d  GPIO_setOutputHighOnPin                                      
00006fe1  GPIO_setOutputLowOnPin                                       
0000656d  GPIO_toggle                                                  
00007181  GPIO_toggleOutputOnPin                                       
000058f9  GPIO_write                                                   
00000d61  HOSTclock                                                    
00000d29  HOSTclose                                                    
00000ceb  HOSTgetenv                                                   
00000c8f  HOSTlseek                                                    
00000c3d  HOSTopen                                                     
00000bf1  HOSTread                                                     
00000b93  HOSTrename                                                   
00000b59  HOSTtime                                                     
00000b21  HOSTunlink                                                   
00000ad5  HOSTwrite                                                    
00007391  HwiP_Params_init                                             
000051e9  HwiP_create                                                  
00000ffd  HwiP_disable                                                 
00007501  HwiP_restore                                                 
[...]
000099a8  ti_sysbios_family_arm_m3_Hwi_E_usageFault__C                 
000099ac  ti_sysbios_family_arm_m3_Hwi_LD_end__C                       
000099b0  ti_sysbios_family_arm_m3_Hwi_LM_begin__C                     
000099b4  ti_sysbios_family_arm_m3_Hwi_Module__diagsEnabled__C         
000099b8  ti_sysbios_family_arm_m3_Hwi_Module__diagsIncluded__C        
000099bc  ti_sysbios_family_arm_m3_Hwi_Module__diagsMask__C            
000099c0  ti_sysbios_family_arm_m3_Hwi_Module__loggerFxn1__C           
000099c4  ti_sysbios_family_arm_m3_Hwi_Module__loggerFxn8__C           
000099c8  ti_sysbios_family_arm_m3_Hwi_Module__loggerObj__C            
000099cc  ti_sysbios_family_arm_m3_Hwi_NUM_INTERRUPTS__C               
000099d0  ti_sysbios_family_arm_m3_Hwi_Object__count__C                
000099d4  ti_sysbios_family_arm_m3_Hwi_ccr__C                          
000099d8  ti_sysbios_family_arm_m3_Hwi_excHandlerFunc__C               
000099dc  ti_sysbios_family_arm_m3_Hwi_excHookFuncs__C                 
000099e0  ti_sysbios_family_arm_m3_Hwi_nullIsrFunc__C                  
000099e4  ti_sysbios_family_arm_m3_Hwi_priGroup__C                     
000099e8  ti_sysbios_family_arm_m3_TaskSupport_stackAlignment__C       
000099ec  ti_sysbios_family_arm_m3_Timer_E_cannotSupport__C            
000099f0  ti_sysbios_family_arm_m3_Timer_startupNeeded__C              
000099f4  ti_sysbios_family_arm_msp432_Timer_numTimerDevices__C        
000099f8  ti_sysbios_family_arm_msp432_Timer_startupNeeded__C          
000099fc  ti_sysbios_gates_GateMutex_A_badContext__C                   
00009a00  ti_sysbios_gates_GateMutex_Instance_State_sem__O             
00009a04  ti_sysbios_gates_GateMutex_Module__diagsEnabled__C           
00009a08  ti_sysbios_gates_GateMutex_Module__diagsIncluded__C          
00009a0c  ti_sysbios_gates_GateMutex_Module__diagsMask__C              
00009a10  ti_sysbios_hal_Hwi_E_stackOverflow__C                        
00009a14  ti_sysbios_heaps_HeapMem_A_align__C                          
00009a18  ti_sysbios_heaps_HeapMem_A_heapSize__C                       
00009a1c  ti_sysbios_heaps_HeapMem_A_invalidFree__C                    
00009a20  ti_sysbios_heaps_HeapMem_A_zeroBlock__C                      
00009a24  ti_sysbios_heaps_HeapMem_E_memory__C                         
00009a28  ti_sysbios_heaps_HeapMem_Module__diagsEnabled__C             
00009a2c  ti_sysbios_heaps_HeapMem_Module__diagsIncluded__C            
00009a30  ti_sysbios_heaps_HeapMem_Module__diagsMask__C                
00009a34  ti_sysbios_heaps_HeapMem_Module__gateObj__C                  
00009a38  ti_sysbios_heaps_HeapMem_Object__count__C                    
00009a3c  ti_sysbios_heaps_HeapMem_reqAlign__C                         
00009a40  ti_sysbios_knl_Clock_A_badThreadType__C                      
00009a44  ti_sysbios_knl_Clock_LM_begin__C                             
00009a48  ti_sysbios_knl_Clock_LM_tick__C                              
00009a4c  ti_sysbios_knl_Clock_LW_delayed__C                           
00009a50  ti_sysbios_knl_Clock_Module_State_clockQ__O                  
00009a54  ti_sysbios_knl_Clock_Module__diagsEnabled__C                 
00009a58  ti_sysbios_knl_Clock_Module__diagsIncluded__C                
00009a5c  ti_sysbios_knl_Clock_Module__diagsMask__C                    
00009a60  ti_sysbios_knl_Clock_Module__loggerFxn1__C                   
00009a64  ti_sysbios_knl_Clock_Module__loggerFxn2__C                   
00009a68  ti_sysbios_knl_Clock_Module__loggerObj__C                    
00009a6c  ti_sysbios_knl_Semaphore_A_badContext__C                     
00009a70  ti_sysbios_knl_Semaphore_A_noEvents__C                       
00009a74  ti_sysbios_knl_Semaphore_A_overflow__C                       
00009a78  ti_sysbios_knl_Semaphore_A_pendTaskDisabled__C               
00009a7c  ti_sysbios_knl_Semaphore_Instance_State_pendQ__O             
00009a80  ti_sysbios_knl_Semaphore_LM_pend__C                          
00009a84  ti_sysbios_knl_Semaphore_LM_post__C                          
00009a88  ti_sysbios_knl_Semaphore_Module__diagsEnabled__C             
00009a8c  ti_sysbios_knl_Semaphore_Module__diagsIncluded__C            
00009a90  ti_sysbios_knl_Semaphore_Module__diagsMask__C                
00009a94  ti_sysbios_knl_Semaphore_Module__loggerFxn2__C               
00009a98  ti_sysbios_knl_Semaphore_Module__loggerFxn4__C               
00009a9c  ti_sysbios_knl_Semaphore_Module__loggerObj__C                
00009aa0  ti_sysbios_knl_Swi_LD_end__C                                 
00009aa4  ti_sysbios_knl_Swi_LM_begin__C                               
00009aa8  ti_sysbios_knl_Swi_LM_post__C                                
00009aac  ti_sysbios_knl_Swi_Module__diagsEnabled__C                   
00009ab0  ti_sysbios_knl_Swi_Module__diagsIncluded__C                  
00009ab4  ti_sysbios_knl_Swi_Module__diagsMask__C                      
00009ab8  ti_sysbios_knl_Swi_Module__loggerFxn1__C                     
00009abc  ti_sysbios_knl_Swi_Module__loggerFxn4__C                     
00009ac0  ti_sysbios_knl_Swi_Module__loggerObj__C                      
00009ac4  ti_sysbios_knl_Swi_Object__count__C                          
00009ac8  ti_sysbios_knl_Task_A_badPriority__C                         
00009acc  ti_sysbios_knl_Task_A_badTaskState__C                        
00009ad0  ti_sysbios_knl_Task_A_badThreadType__C                       
00009ad4  ti_sysbios_knl_Task_A_badTimeout__C                          
00009ad8  ti_sysbios_knl_Task_A_noPendElem__C                          
00009adc  ti_sysbios_knl_Task_A_sleepTaskDisabled__C                   
00009ae0  ti_sysbios_knl_Task_E_spOutOfBounds__C                       
00009ae4  ti_sysbios_knl_Task_E_stackOverflow__C                       
00009ae8  ti_sysbios_knl_Task_LD_block__C                              
00009aec  ti_sysbios_knl_Task_LD_exit__C                               
00009af0  ti_sysbios_knl_Task_LD_ready__C                              
00009af4  ti_sysbios_knl_Task_LM_sleep__C                              
00009af8  ti_sysbios_knl_Task_LM_switch__C                             
00009afc  ti_sysbios_knl_Task_Module_State_inactiveQ__O                
00009b00  ti_sysbios_knl_Task_Module__diagsEnabled__C                  
00009b04  ti_sysbios_knl_Task_Module__diagsIncluded__C                 
00009b08  ti_sysbios_knl_Task_Module__diagsMask__C                     
00009b0c  ti_sysbios_knl_Task_Module__loggerFxn2__C                    
00009b10  ti_sysbios_knl_Task_Module__loggerFxn4__C                    
00009b14  ti_sysbios_knl_Task_Module__loggerObj__C                     
00009b18  ti_sysbios_knl_Task_Object__count__C                         
00009b1c  ti_sysbios_knl_Task_allBlockedFunc__C                        
00009b20  ti_sysbios_knl_Task_defaultStackHeap__C                      
00009b24  ti_sysbios_knl_Task_defaultStackSize__C                      
00009b28  ti_sysbios_knl_Task_numConstructedTasks__C                   
00009b2c  ti_sysbios_utils_Load_LS_cpuLoad__C                          
00009b30  ti_sysbios_utils_Load_LS_hwiLoad__C                          
00009b34  ti_sysbios_utils_Load_Module__diagsEnabled__C                
00009b38  ti_sysbios_utils_Load_Module__diagsIncluded__C               
00009b3c  ti_sysbios_utils_Load_Module__diagsMask__C                   
00009b40  ti_sysbios_utils_Load_Module__loggerFxn1__C                  
00009b44  ti_sysbios_utils_Load_Module__loggerFxn2__C                  
00009b48  ti_sysbios_utils_Load_Module__loggerObj__C                   
00009b4c  ti_sysbios_utils_Load_postUpdate__C                          
00009b50  ti_sysbios_utils_Load_windowInMs__C                          
00009b54  ti_uia_loggers_LoggerStopMode_Module__diagsEnabled__C        
00009b58  ti_uia_loggers_LoggerStopMode_Module__diagsIncluded__C       
00009b5c  ti_uia_loggers_LoggerStopMode_Module__diagsMask__C           
00009b60  ti_uia_loggers_LoggerStopMode_Object__count__C               
00009b64  ti_uia_runtime_ILoggerSnapshot_Interface__BASE__C            
00009b68  ti_uia_runtime_IUIATransfer_Interface__BASE__C               
00009b6c  xdc_runtime_Assert_E_assertFailed__C                         
00009b70  xdc_runtime_Core_A_initializedParams__C                      
00009b74  xdc_runtime_Core_Module__diagsEnabled__C                     
00009b78  xdc_runtime_Core_Module__diagsIncluded__C                    
00009b7c  xdc_runtime_Core_Module__diagsMask__C                        
00009b80  xdc_runtime_Error_E_memory__C                                
00009b84  xdc_runtime_Error_Module__diagsEnabled__C                    
00009b88  xdc_runtime_Error_Module__diagsIncluded__C                   
00009b8c  xdc_runtime_Error_Module__diagsMask__C                       
00009b90  xdc_runtime_Error_Module__loggerFxn8__C                      
00009b94  xdc_runtime_Error_Module__loggerObj__C                       
00009b98  xdc_runtime_Error_policyFxn__C                               
00009b9c  xdc_runtime_Error_raiseHook__C                               
00009ba0  xdc_runtime_IFilterLogger_Interface__BASE__C                 
00009ba4  xdc_runtime_IGateProvider_Interface__BASE__C                 
00009ba8  xdc_runtime_IHeap_Interface__BASE__C                         
00009bac  xdc_runtime_ILogger_Interface__BASE__C                       
00009bb0  xdc_runtime_IModule_Interface__BASE__C                       
00009bb4  xdc_runtime_Log_L_error__C                                   
00009bb8  xdc_runtime_Memory_defaultHeapInstance__C                    
00009bbc  xdc_runtime_Startup_execImpl__C                              
00009bc0  xdc_runtime_Startup_lastFxns__A                              
00009bc4  xdc_runtime_Startup_maxPasses__C                             
00009bc8  xdc_runtime_Startup_sfxnRts__C                               
00009bcc  xdc_runtime_Startup_sfxnTab__C                               
00009bd0  xdc_runtime_SysMin_bufSize__C                                
00009bd4  xdc_runtime_SysMin_outputFunc__C                             
00009bd8  xdc_runtime_System_Module__gateObj__C                        
00009bdc  xdc_runtime_System_abortFxn__C                               
00009be0  xdc_runtime_System_exitFxn__C                                
00009be4  xdc_runtime_System_extendFxn__C                              
00009be8  xdc_runtime_System_maxAtexitHandlers__C                      
00009bec  xdc_runtime_Text_charTab__C                                  
00009bf0  xdc_runtime_Text_nameEmpty__C                                
00009bf4  xdc_runtime_Text_nameStatic__C                               
00009bf8  xdc_runtime_Text_nameUnknown__C                              
00009bfc  xdc_runtime_Text_nodeTab__C                                  
00009c00  xdc_runtime_Text_visitRopeFxn__C                             
00009c04  ti_sysbios_family_arm_m3_Timer_Module__id__C                 
00009c06  ti_sysbios_family_arm_m3_TimestampProvider_configTimer__C    
00009c08  ti_sysbios_gates_GateMutex_Module__id__C                     
00009c0a  ti_sysbios_hal_Hwi_Module__id__C                             
00009c0c  ti_sysbios_heaps_HeapMem_Module__id__C                       
00009c0e  ti_sysbios_knl_Clock_Module__id__C                           
00009c10  ti_sysbios_knl_Clock_Module__loggerDefined__C                
00009c12  ti_sysbios_knl_Semaphore_Module__id__C                       
00009c14  ti_sysbios_knl_Semaphore_Module__loggerDefined__C            
00009c16  ti_sysbios_knl_Swi_Module__id__C                             
00009c18  ti_sysbios_knl_Swi_Module__loggerDefined__C                  
00009c1a  ti_sysbios_knl_Task_Module__id__C                            
00009c1c  ti_sysbios_knl_Task_Module__loggerDefined__C                 
00009c1e  ti_sysbios_knl_Task_initStackFlag__C                         
00009c20  ti_sysbios_utils_Load_Module__id__C                          
00009c22  ti_sysbios_utils_Load_Module__loggerDefined__C               
00009c24  ti_sysbios_utils_Load_hwiEnabled__C                          
00009c26  ti_sysbios_utils_Load_updateInIdle__C                        
00009c28  ti_uia_loggers_LoggerStopMode_Module__id__C                  
00009c2a  ti_uia_loggers_LoggerStopMode_isTimestampEnabled__C          
00009c2c  xdc_runtime_Core_Module__id__C                               
00009c2e  xdc_runtime_Error_Module__loggerDefined__C                   
00009c30  xdc_runtime_Error_maxDepth__C                                
00009c32  xdc_runtime_Memory_Module__id__C                             
00009c34  xdc_runtime_SysMin_flushAtExit__C                            
00009c36  xdc_runtime_Text_charCnt__C                                  
00009c38  xdc_runtime_Text_isLoaded__C                                 
00009c3a  xdc_runtime_Text_registryModsLastId__C                       
00009c3c  xdc_runtime_Text_unnamedModsLastId__C                        
00009c40  __TI_static_base__                                           
0000a128  __TI_Handler_Table_Base                                      
0000a134  __TI_Handler_Table_Limit                                     
0000a148  __TI_CINIT_Base                                              
0000a160  __TI_CINIT_Limit                                             
20000000  ti_sysbios_family_arm_m3_Hwi_ramVectors                      
20000180  ti_sysbios_heaps_HeapMem_Instance_State_0_buf__A             
20001180  ti_sysbios_knl_Task_Instance_State_0_stack__A                
20001380  ti_sysbios_knl_Task_Instance_State_1_stack__A                
20001b80  ti_uia_loggers_LoggerStopMode_Instance_State_1_packetArray__A
20001f80  ti_uia_loggers_LoggerStopMode_Instance_State_2_packetArray__A
20002380  xdc_runtime_SysMin_Module_State_0_outbuf__A                  
20002780  ti_uia_loggers_LoggerStopMode_Instance_State_0_packetArray__A
20002980  ti_sysbios_family_arm_m3_Hwi_dispatchTable                   
20002ac0  __CIOBUF_                                                    
20002c10  buff1                                                        
20002c24  buff2                                                        
20002c80  ti_uia_loggers_LoggerStopMode_Instance_State_0_hdr__A        
20002d00  ti_uia_loggers_LoggerStopMode_Instance_State_1_hdr__A        
20002d80  ti_uia_loggers_LoggerStopMode_Instance_State_2_hdr__A        
20002db0  xdc_runtime_Diags_dictElems                                  
20002dd0  ti_sysbios_family_arm_m3_Hwi_Module__root__V                 
20002dd8  ti_sysbios_family_arm_m3_Hwi_Module_State_0_excActive__A     
20002ddc  ti_sysbios_family_arm_m3_Hwi_Module_State_0_excContext__A    
20002de0  ti_sysbios_family_arm_m3_Hwi_Module_State_0_excStack__A      
20002de4  ti_sysbios_family_arm_m3_Timer_Module__root__V               
20002dec  ti_sysbios_family_arm_m3_Timer_Module__state__V              
20002df8  ti_sysbios_family_arm_m3_TimestampProvider_Module__state__V  
20002dfc  ti_sysbios_family_arm_msp432_ClockFreqs_Module__state__V     
20002e08  ti_sysbios_family_arm_msp432_Timer_Module__root__V           
20002e10  ti_sysbios_family_arm_msp432_Timer_Module_State_0_device__A  
20002e30  ti_sysbios_family_arm_msp432_Timer_Module_State_0_handles__A 
20002e40  ti_sysbios_family_arm_msp432_Timer_Module__state__V          
20002e4c  ti_sysbios_gates_GateHwi_Module__root__V                     
20002e54  ti_sysbios_gates_GateHwi_Object__table__V                    
20002e58  ti_sysbios_gates_GateMutex_Module__root__V                   
20002e60  ti_sysbios_hal_Hwi_Module__root__V                           
20002e68  ti_sysbios_heaps_HeapMem_Module__root__V                     
20002e70  ti_sysbios_heaps_HeapMem_Object__table__V                    
20002e88  ti_sysbios_knl_Clock_Module__root__V                         
20002e90  ti_sysbios_knl_Event_Module__root__V                         
20002e9c  ti_sysbios_knl_Queue_Module__root__V                         
20002ea4  ti_sysbios_knl_Semaphore_Module__root__V                     
20002eac  ti_sysbios_knl_Swi_Module__root__V                           
20002eb4  ti_sysbios_knl_Swi_Module__state__V                          
20002ed0  ti_sysbios_knl_Task_Module__root__V                          
20002edc  ti_sysbios_knl_Task_Module_State_0_idleTask__A               
20002ee0  ti_sysbios_utils_Load_Module_State_0_taskStartTime__A        
20002ee4  ti_sysbios_utils_Load_Module_State_0_runningTask__A          
20002ee8  ti_uia_loggers_LoggerStopMode_Module__root__V                
20002ef0  ti_uia_loggers_LoggerStopMode_Module__state__V               
20002ef8  ti_uia_runtime_QueueDescriptor_Module__state__V              
20002f04  xdc_runtime_Error_Module__state__V                           
20002f06  xdc_runtime_Main_Module__root__V                             
20002f08  xdc_runtime_Memory_Module__state__V                          
20002f0c  xdc_runtime_Registry_Module__state__V                        
20002f14  xdc_runtime_Startup_Module__state__V                         
20002f1c  xdc_runtime_SysMin_Module__state__V                          
20002f28  xdc_runtime_System_Module_State_0_atexitHandlers__A          
20002f48  xdc_runtime_System_Module__state__V                          
20002f50  xdc_runtime_Text_Module__state__V                            
20002f58  __xdc__init__addr                                            
20002f5c  PowerMSP432_perfLevels                                       
20002ff8  ti_uia_loggers_LoggerStopMode_Object__table__V               
20003094  ti_sysbios_knl_Task_Object__table__V                         
200030e0  TSK_idle                                                     
2000312c  ti_sysbios_utils_Load_Module__state__V                       
200031c4  ti_sysbios_knl_Swi_Module_State_0_readyQ__A                  
20003244  ti_sysbios_knl_Task_Module_State_0_readyQ__A                 
200032c4  ti_sysbios_family_arm_msp432_Timer_Object__table__V          
20003310  ti_sysbios_knl_Task_Module__state__V                         
20003354  gpioPinConfigs                                               
20003390  ti_sysbios_gates_GateMutex_Object__table__V                  
200033c8  ti_sysbios_family_arm_m3_Hwi_Module__state__V                
200033fc  ti_sysbios_family_arm_m3_Hwi_Object__table__V                
2000342c  ti_sysbios_family_arm_m3_Timer_Object__table__V              
2000345c  ti_sysbios_knl_Swi_Object__table__V                          
2000348c  ti_sysbios_knl_Clock_Module__state__V                        
200034b8  PowerMSP432_module                                           
200034dc  ti_sysbios_BIOS_Module__state__V                             
20003504  gpioCallbackFunctions                                        
2000350c  _lock                                                        
20003510  _unlock                                                      
20003514  __TI_cleanup_ptr                                             
20003518  __TI_dtors_ptr                                               
2000351c  ti_uia_runtime_QueueDescriptor_gPtrToFirstDescriptor         
20003520  ti_uia_runtime_QueueDescriptor_gUpdateCount                  
20003524  main_func_sp                                                 
2000f000  __stack                                                      
20010000  __STACK_END                                                  
4000480c  WDTCTL_SYM                                                   
e000e000  ti_sysbios_family_arm_m3_Hwi_nvic                            
ffffffff  __binit__                                                    
ffffffff  __c_args__                                                   
ffffffff  binit                                                        
UNDEFED   SHT$$INIT_ARRAY$$Base                                        
UNDEFED   SHT$$INIT_ARRAY$$Limit                                       

[746 symbols]
